Archive member included because of file (symbol)

C:\develop\RCU_FW_Test2\stm32f4discovery_hal_lib\Debug\libstm32f4discovery_hal_lib.a(stm32f4xx_hal.o)
                              src/main.o (HAL_Init)
C:\develop\RCU_FW_Test2\stm32f4discovery_hal_lib\Debug\libstm32f4discovery_hal_lib.a(stm32f4xx_hal_adc.o)
                              src/adc.o (HAL_ADC_Init)
C:\develop\RCU_FW_Test2\stm32f4discovery_hal_lib\Debug\libstm32f4discovery_hal_lib.a(stm32f4xx_hal_adc_ex.o)
                              C:\develop\RCU_FW_Test2\stm32f4discovery_hal_lib\Debug\libstm32f4discovery_hal_lib.a(stm32f4xx_hal_adc.o) (HAL_ADCEx_InjectedConvCpltCallback)
C:\develop\RCU_FW_Test2\stm32f4discovery_hal_lib\Debug\libstm32f4discovery_hal_lib.a(stm32f4xx_hal_cortex.o)
                              src/stm32f4xx_hal_msp.o (HAL_NVIC_SetPriorityGrouping)
C:\develop\RCU_FW_Test2\stm32f4discovery_hal_lib\Debug\libstm32f4discovery_hal_lib.a(stm32f4xx_hal_dac.o)
                              src/dac.o (HAL_DAC_Init)
C:\develop\RCU_FW_Test2\stm32f4discovery_hal_lib\Debug\libstm32f4discovery_hal_lib.a(stm32f4xx_hal_dac_ex.o)
                              src/dac.o (HAL_DACEx_TriangleWaveGenerate)
C:\develop\RCU_FW_Test2\stm32f4discovery_hal_lib\Debug\libstm32f4discovery_hal_lib.a(stm32f4xx_hal_dma.o)
                              src/adc.o (HAL_DMA_Init)
C:\develop\RCU_FW_Test2\stm32f4discovery_hal_lib\Debug\libstm32f4discovery_hal_lib.a(stm32f4xx_hal_gpio.o)
                              src/adc.o (HAL_GPIO_Init)
C:\develop\RCU_FW_Test2\stm32f4discovery_hal_lib\Debug\libstm32f4discovery_hal_lib.a(stm32f4xx_hal_i2c.o)
                              src/i2c.o (HAL_I2C_Init)
C:\develop\RCU_FW_Test2\stm32f4discovery_hal_lib\Debug\libstm32f4discovery_hal_lib.a(stm32f4xx_hal_rcc.o)
                              src/main.o (HAL_RCC_OscConfig)
C:\develop\RCU_FW_Test2\stm32f4discovery_hal_lib\Debug\libstm32f4discovery_hal_lib.a(stm32f4xx_hal_rng.o)
                              src/rng.o (HAL_RNG_Init)
C:\develop\RCU_FW_Test2\stm32f4discovery_hal_lib\Debug\libstm32f4discovery_hal_lib.a(stm32f4xx_hal_tim.o)
                              src/RadarControl.o (HAL_TIM_Base_Init)
C:\develop\RCU_FW_Test2\stm32f4discovery_hal_lib\Debug\libstm32f4discovery_hal_lib.a(stm32f4xx_hal_tim_ex.o)
                              C:\develop\RCU_FW_Test2\stm32f4discovery_hal_lib\Debug\libstm32f4discovery_hal_lib.a(stm32f4xx_hal_tim.o) (TIMEx_DMACommutationCplt)
C:\develop\RCU_FW_Test2\stm32f4discovery_hal_lib\Debug\libstm32f4discovery_hal_lib.a(stm32f4xx_hal_uart.o)
                              src/usart.o (HAL_UART_Init)
c:/ac6/systemworkbench/plugins/fr.ac6.mcu.externaltools.arm-none.win32_1.3.0.201507241045/tools/compiler/bin/../lib/gcc/arm-none-eabi/4.9.3/../../../../arm-none-eabi/lib/armv7e-m/fpu\libc.a(lib_a-errno.o)
                              src/syscalls.o (__errno)
c:/ac6/systemworkbench/plugins/fr.ac6.mcu.externaltools.arm-none.win32_1.3.0.201507241045/tools/compiler/bin/../lib/gcc/arm-none-eabi/4.9.3/../../../../arm-none-eabi/lib/armv7e-m/fpu\libc.a(lib_a-exit.o)
                              c:/ac6/systemworkbench/plugins/fr.ac6.mcu.externaltools.arm-none.win32_1.3.0.201507241045/tools/compiler/bin/../lib/gcc/arm-none-eabi/4.9.3/../../../../arm-none-eabi/lib/armv7e-m/fpu/crt0.o (exit)
c:/ac6/systemworkbench/plugins/fr.ac6.mcu.externaltools.arm-none.win32_1.3.0.201507241045/tools/compiler/bin/../lib/gcc/arm-none-eabi/4.9.3/../../../../arm-none-eabi/lib/armv7e-m/fpu\libc.a(lib_a-impure.o)
                              c:/ac6/systemworkbench/plugins/fr.ac6.mcu.externaltools.arm-none.win32_1.3.0.201507241045/tools/compiler/bin/../lib/gcc/arm-none-eabi/4.9.3/../../../../arm-none-eabi/lib/armv7e-m/fpu\libc.a(lib_a-exit.o) (_global_impure_ptr)
c:/ac6/systemworkbench/plugins/fr.ac6.mcu.externaltools.arm-none.win32_1.3.0.201507241045/tools/compiler/bin/../lib/gcc/arm-none-eabi/4.9.3/../../../../arm-none-eabi/lib/armv7e-m/fpu\libc.a(lib_a-init.o)
                              c:/ac6/systemworkbench/plugins/fr.ac6.mcu.externaltools.arm-none.win32_1.3.0.201507241045/tools/compiler/bin/../lib/gcc/arm-none-eabi/4.9.3/../../../../arm-none-eabi/lib/armv7e-m/fpu/crt0.o (__libc_init_array)
c:/ac6/systemworkbench/plugins/fr.ac6.mcu.externaltools.arm-none.win32_1.3.0.201507241045/tools/compiler/bin/../lib/gcc/arm-none-eabi/4.9.3/../../../../arm-none-eabi/lib/armv7e-m/fpu\libc.a(lib_a-memset.o)
                              c:/ac6/systemworkbench/plugins/fr.ac6.mcu.externaltools.arm-none.win32_1.3.0.201507241045/tools/compiler/bin/../lib/gcc/arm-none-eabi/4.9.3/../../../../arm-none-eabi/lib/armv7e-m/fpu/crt0.o (memset)
c:/ac6/systemworkbench/plugins/fr.ac6.mcu.externaltools.arm-none.win32_1.3.0.201507241045/tools/compiler/bin/../lib/gcc/arm-none-eabi/4.9.3/../../../../arm-none-eabi/lib/armv7e-m/fpu\libc.a(lib_a-printf.o)
                              src/RadarControl.o (printf)
[...]
Memory Configuration

Name             Origin             Length             Attributes
FLASH            0x08000000         0x00100000         xr
RAM              0x20000000         0x00030000         xrw
MEMORY_B1        0x60000000         0x00000000         xr
*default*        0x00000000         0xffffffff

Linker script and memory map

LOAD c:/ac6/systemworkbench/plugins/fr.ac6.mcu.externaltools.arm-none.win32_1.3.0.201507241045/tools/compiler/bin/../lib/gcc/arm-none-eabi/4.9.3/armv7e-m/fpu/crti.o
LOAD c:/ac6/systemworkbench/plugins/fr.ac6.mcu.externaltools.arm-none.win32_1.3.0.201507241045/tools/compiler/bin/../lib/gcc/arm-none-eabi/4.9.3/armv7e-m/fpu/crtbegin.o
LOAD c:/ac6/systemworkbench/plugins/fr.ac6.mcu.externaltools.arm-none.win32_1.3.0.201507241045/tools/compiler/bin/../lib/gcc/arm-none-eabi/4.9.3/../../../../arm-none-eabi/lib/armv7e-m/fpu/crt0.o
LOAD c:/ac6/systemworkbench/plugins/fr.ac6.mcu.externaltools.arm-none.win32_1.3.0.201507241045/tools/compiler/bin/../lib/gcc/arm-none-eabi/4.9.3/../../../../arm-none-eabi/lib/armv7e-m/fpu\libm.a
LOAD startup/startup_stm32f407xx.o
LOAD src/RadarControl.o
LOAD src/adc.o
LOAD src/dac.o
LOAD src/dma.o
LOAD src/gpio.o
LOAD src/i2c.o
LOAD src/main.o
LOAD src/rng.o
LOAD src/stm32f4xx_hal_msp.o
LOAD src/stm32f4xx_it.o
LOAD src/syscalls.o
LOAD src/system_stm32f4xx.o
LOAD src/test.o
LOAD src/tim.o
LOAD src/usart.o
LOAD C:\develop\RCU_FW_Test2\stm32f4discovery_hal_lib\Debug\libstm32f4discovery_hal_lib.a
START GROUP
LOAD c:/ac6/systemworkbench/plugins/fr.ac6.mcu.externaltools.arm-none.win32_1.3.0.201507241045/tools/compiler/bin/../lib/gcc/arm-none-eabi/4.9.3/armv7e-m/fpu\libgcc.a
LOAD c:/ac6/systemworkbench/plugins/fr.ac6.mcu.externaltools.arm-none.win32_1.3.0.201507241045/tools/compiler/bin/../lib/gcc/arm-none-eabi/4.9.3/../../../../arm-none-eabi/lib/armv7e-m/fpu\libc.a
END GROUP
LOAD c:/ac6/systemworkbench/plugins/fr.ac6.mcu.externaltools.arm-none.win32_1.3.0.201507241045/tools/compiler/bin/../lib/gcc/arm-none-eabi/4.9.3/armv7e-m/fpu/crtend.o
LOAD c:/ac6/systemworkbench/plugins/fr.ac6.mcu.externaltools.arm-none.win32_1.3.0.201507241045/tools/compiler/bin/../lib/gcc/arm-none-eabi/4.9.3/armv7e-m/fpu/crtn.o
                0x20020000                _estack = 0x20020000
                0x00000000                _Min_Heap_Size = 0x0
                0x00000400                _Min_Stack_Size = 0x400

.isr_vector     0x08000000      0x188
                0x08000000                . = ALIGN (0x4)
 *(.isr_vector)
 .isr_vector    0x08000000      0x188 startup/startup_stm32f407xx.o
                0x08000000                g_pfnVectors
                0x08000188                . = ALIGN (0x4)

.text           0x08000188     0x9670
                0x08000188                . = ALIGN (0x4)
 *(.text)
 .text          0x08000188       0x5c c:/ac6/systemworkbench/plugins/fr.ac6.mcu.externaltools.arm-none.win32_1.3.0.201507241045/tools/compiler/bin/../lib/gcc/arm-none-eabi/4.9.3/armv7e-m/fpu/crtbegin.o
 .text          0x080001e4      0x134 c:/ac6/systemworkbench/plugins/fr.ac6.mcu.externaltools.arm-none.win32_1.3.0.201507241045/tools/compiler/bin/../lib/gcc/arm-none-eabi/4.9.3/../../../../arm-none-eabi/lib/armv7e-m/fpu\libc.a(lib_a-memcpy.o)
                0x080001e4                memcpy
 .text          0x08000318      0x370 c:/ac6/systemworkbench/plugins/fr.ac6.mcu.externaltools.arm-none.win32_1.3.0.201507241045/tools/compiler/bin/../lib/gcc/arm-none-eabi/4.9.3/armv7e-m/fpu\libgcc.a(_arm_addsubdf3.o)
                0x08000318                __aeabi_drsub
                0x08000320                __aeabi_dsub
                0x08000320                __subdf3
                0x08000324                __aeabi_dadd
                0x08000324                __adddf3
                0x0800059c                __floatunsidf
                0x0800059c                __aeabi_ui2d
                0x080005bc                __floatsidf
                0x080005bc                __aeabi_i2d
                0x080005e0                __aeabi_f2d
                0x080005e0                __extendsfdf2
                0x0800061c                __floatundidf
                0x0800061c                __aeabi_ul2d
                0x0800062c                __floatdidf
                0x0800062c                __aeabi_l2d
 .text          0x08000688      0x424 c:/ac6/systemworkbench/plugins/fr.ac6.mcu.externaltools.arm-none.win32_1.3.0.201507241045/tools/compiler/bin/../lib/gcc/arm-none-eabi/4.9.3/armv7e-m/fpu\libgcc.a(_arm_muldivdf3.o)
                0x08000688                __aeabi_dmul
                0x08000688                __muldf3
                0x080008dc                __divdf3
                0x080008dc                __aeabi_ddiv
 .text          0x08000aac      0x110 c:/ac6/systemworkbench/plugins/fr.ac6.mcu.externaltools.arm-none.win32_1.3.0.201507241045/tools/compiler/bin/../lib/gcc/arm-none-eabi/4.9.3/armv7e-m/fpu\libgcc.a(_arm_cmpdf2.o)
                0x08000aac                __gtdf2
                0x08000aac                __gedf2
                0x08000ab4                __ltdf2
                0x08000ab4                __ledf2
                0x08000abc                __nedf2
                0x08000abc                __eqdf2
                0x08000abc                __cmpdf2
                0x08000b38                __aeabi_cdrcmple
                0x08000b48                __aeabi_cdcmpeq
                0x08000b48                __aeabi_cdcmple
                0x08000b58                __aeabi_dcmpeq
                0x08000b6c                __aeabi_dcmplt
                0x08000b80                __aeabi_dcmple
                0x08000b94                __aeabi_dcmpge
                0x08000ba8                __aeabi_dcmpgt
 .text          0x08000bbc       0x50 c:/ac6/systemworkbench/plugins/fr.ac6.mcu.externaltools.arm-none.win32_1.3.0.201507241045/tools/compiler/bin/../lib/gcc/arm-none-eabi/4.9.3/armv7e-m/fpu\libgcc.a(_arm_fixdfsi.o)
                0x08000bbc                __aeabi_d2iz
                0x08000bbc                __fixdfsi
 .text          0x08000c0c       0x30 c:/ac6/systemworkbench/plugins/fr.ac6.mcu.externaltools.arm-none.win32_1.3.0.201507241045/tools/compiler/bin/../lib/gcc/arm-none-eabi/4.9.3/armv7e-m/fpu\libgcc.a(_aeabi_uldivmod.o)
                0x08000c0c                __aeabi_uldivmod
 .text          0x08000c3c       0x60 c:/ac6/systemworkbench/plugins/fr.ac6.mcu.externaltools.arm-none.win32_1.3.0.201507241045/tools/compiler/bin/../lib/gcc/arm-none-eabi/4.9.3/armv7e-m/fpu\libgcc.a(bpabi.o)
                0x08000c3c                __gnu_ldivmod_helper
                0x08000c6c                __gnu_uldivmod_helper
 .text          0x08000c9c        0x4 c:/ac6/systemworkbench/plugins/fr.ac6.mcu.externaltools.arm-none.win32_1.3.0.201507241045/tools/compiler/bin/../lib/gcc/arm-none-eabi/4.9.3/armv7e-m/fpu\libgcc.a(_dvmd_tls.o)
                0x08000c9c                __aeabi_idiv0
                0x08000c9c                __aeabi_ldiv0
 .text          0x08000ca0      0x29c c:/ac6/systemworkbench/plugins/fr.ac6.mcu.externaltools.arm-none.win32_1.3.0.201507241045/tools/compiler/bin/../lib/gcc/arm-none-eabi/4.9.3/armv7e-m/fpu\libgcc.a(_divdi3.o)
                0x08000ca0                __divdi3
 .text          0x08000f3c      0x26c c:/ac6/systemworkbench/plugins/fr.ac6.mcu.externaltools.arm-none.win32_1.3.0.201507241045/tools/compiler/bin/../lib/gcc/arm-none-eabi/4.9.3/armv7e-m/fpu\libgcc.a(_udivdi3.o)
                0x08000f3c                __udivdi3
 *(.text*)
 .text.Reset_Handler
                0x080011a8       0x50 startup/startup_stm32f407xx.o
                0x080011a8                Reset_Handler
 .text.Default_Handler
                0x080011f8        0x2 startup/startup_stm32f407xx.o
                0x080011f8                RTC_Alarm_IRQHandler
                0x080011f8                HASH_RNG_IRQHandler
                0x080011f8                EXTI2_IRQHandler
                0x080011f8                TIM8_CC_IRQHandler
                0x080011f8                DebugMon_Handler
                0x080011f8                TIM1_CC_IRQHandler
                0x080011f8                DMA2_Stream5_IRQHandler
                0x080011f8                HardFault_Handler
                0x080011f8                PVD_IRQHandler
                0x080011f8                SDIO_IRQHandler
                0x080011f8                TAMP_STAMP_IRQHandler
                0x080011f8                PendSV_Handler
                0x080011f8                NMI_Handler
                0x080011f8                CAN2_RX1_IRQHandler
                0x080011f8                EXTI3_IRQHandler
                0x080011f8                TIM8_TRG_COM_TIM14_IRQHandler
                0x080011f8                TIM1_UP_TIM10_IRQHandler
                0x080011f8                TIM8_UP_TIM13_IRQHandler
                0x080011f8                I2C3_ER_IRQHandler
                0x080011f8                EXTI0_IRQHandler
                0x080011f8                I2C2_EV_IRQHandler
                0x080011f8                DMA1_Stream2_IRQHandler
                0x080011f8                CAN1_RX0_IRQHandler
                0x080011f8                FPU_IRQHandler
                0x080011f8                OTG_HS_WKUP_IRQHandler
                0x080011f8                UsageFault_Handler
                0x080011f8                CAN2_SCE_IRQHandler
                0x080011f8                SPI1_IRQHandler
                0x080011f8                TIM6_DAC_IRQHandler
                0x080011f8                TIM1_BRK_TIM9_IRQHandler
                0x080011f8                DCMI_IRQHandler
                0x080011f8                CAN2_RX0_IRQHandler
                0x080011f8                DMA2_Stream3_IRQHandler
                0x080011f8                USART6_IRQHandler
                0x080011f8                USART3_IRQHandler
                0x080011f8                CAN1_RX1_IRQHandler
                0x080011f8                UART5_IRQHandler
                0x080011f8                TIM4_IRQHandler
                0x080011f8                I2C1_EV_IRQHandler
                0x080011f8                DMA1_Stream6_IRQHandler
                0x080011f8                DMA1_Stream1_IRQHandler
                0x080011f8                UART4_IRQHandler
                0x080011f8                TIM3_IRQHandler
                0x080011f8                RCC_IRQHandler
                0x080011f8                TIM8_BRK_TIM12_IRQHandler
                0x080011f8                Default_Handler
                0x080011f8                EXTI15_10_IRQHandler
                0x080011f8                ADC_IRQHandler
                0x080011f8                DMA1_Stream7_IRQHandler
                0x080011f8                TIM7_IRQHandler
                0x080011f8                CAN2_TX_IRQHandler
                0x080011f8                TIM5_IRQHandler
                0x080011f8                DMA2_Stream7_IRQHandler
                0x080011f8                I2C3_EV_IRQHandler
                0x080011f8                EXTI9_5_IRQHandler
                0x080011f8                RTC_WKUP_IRQHandler
                0x080011f8                ETH_WKUP_IRQHandler
                0x080011f8                SPI2_IRQHandler
                0x080011f8                OTG_HS_EP1_IN_IRQHandler
                0x080011f8                MemManage_Handler
                0x080011f8                DMA1_Stream0_IRQHandler
                0x080011f8                CAN1_TX_IRQHandler
                0x080011f8                SVC_Handler
                0x080011f8                EXTI4_IRQHandler
                0x080011f8                FSMC_IRQHandler
                0x080011f8                ETH_IRQHandler
                0x080011f8                OTG_HS_EP1_OUT_IRQHandler
                0x080011f8                WWDG_IRQHandler
                0x080011f8                TIM2_IRQHandler
                0x080011f8                OTG_FS_WKUP_IRQHandler
                0x080011f8                TIM1_TRG_COM_TIM11_IRQHandler
                0x080011f8                OTG_HS_IRQHandler
                0x080011f8                EXTI1_IRQHandler
                0x080011f8                USART2_IRQHandler
                0x080011f8                I2C2_ER_IRQHandler
                0x080011f8                DMA2_Stream1_IRQHandler
                0x080011f8                CAN1_SCE_IRQHandler
                0x080011f8                FLASH_IRQHandler
                0x080011f8                DMA2_Stream4_IRQHandler
                0x080011f8                BusFault_Handler
                0x080011f8                USART1_IRQHandler
                0x080011f8                OTG_FS_IRQHandler
                0x080011f8                SPI3_IRQHandler
                0x080011f8                DMA1_Stream4_IRQHandler
                0x080011f8                I2C1_ER_IRQHandler
                0x080011f8                DMA2_Stream6_IRQHandler
                0x080011f8                DMA1_Stream3_IRQHandler
 *fill*         0x080011fa        0x2 
 .text.setFilterBaseFreq
                0x080011fc       0x28 src/RadarControl.o
                0x080011fc                setFilterBaseFreq
 .text.setVCOFreq
                0x08001224       0x44 src/RadarControl.o
                0x08001224                setVCOFreq
 .text.setVCOOffset
                0x08001268       0x20 src/RadarControl.o
                0x08001268                setVCOOffset
 .text.MX_ADC1_Init
                0x08001288       0x74 src/adc.o
                0x08001288                MX_ADC1_Init
 .text.MX_ADC2_Init
                0x080012fc       0x74 src/adc.o
                0x080012fc                MX_ADC2_Init
 .text.HAL_ADC_MspInit
                0x08001370      0x17c src/adc.o
                0x08001370                HAL_ADC_MspInit
 .text.MX_DAC_Init
                0x080014ec       0x54 src/dac.o
                0x080014ec                MX_DAC_Init
 .text.HAL_DAC_MspInit
                0x08001540       0xc8 src/dac.o
                0x08001540                HAL_DAC_MspInit
 .text.MX_DMA_Init
                0x08001608       0x70 src/dma.o
                0x08001608                MX_DMA_Init
 .text.MX_GPIO_Init
                0x08001678      0x124 src/gpio.o
                0x08001678                MX_GPIO_Init
 .text.MX_I2C1_Init
                0x0800179c       0x50 src/i2c.o
                0x0800179c                MX_I2C1_Init
 .text.MX_I2C2_Init
                0x080017ec       0x50 src/i2c.o
                0x080017ec                MX_I2C2_Init
 .text.HAL_I2C_MspInit
                0x0800183c       0xa8 src/i2c.o
                0x0800183c                HAL_I2C_MspInit
 .text.ITM_SendChar
                0x080018e4       0x50 src/main.o
 .text.main     0x08001934      0x148 src/main.o
                0x08001934                main
 .text.SystemClock_Config
                0x08001a7c       0xb4 src/main.o
                0x08001a7c                SystemClock_Config
 .text.__io_putchar
                0x08001b30       0x1c src/main.o
                0x08001b30                __io_putchar
 .text.MX_RNG_Init
                0x08001b4c       0x1c src/rng.o
                0x08001b4c                MX_RNG_Init
 .text.HAL_RNG_MspInit
                0x08001b68       0x3c src/rng.o
                0x08001b68                HAL_RNG_MspInit
 .text.HAL_MspInit
                0x08001ba4       0x18 src/stm32f4xx_hal_msp.o
                0x08001ba4                HAL_MspInit
 .text.SysTick_Handler
                0x08001bbc       0x10 src/stm32f4xx_it.o
                0x08001bbc                SysTick_Handler
 .text.DMA1_Stream5_IRQHandler
                0x08001bcc       0x10 src/stm32f4xx_it.o
                0x08001bcc                DMA1_Stream5_IRQHandler
 .text.DMA2_Stream0_IRQHandler
                0x08001bdc       0x10 src/stm32f4xx_it.o
                0x08001bdc                DMA2_Stream0_IRQHandler
 .text.DMA2_Stream2_IRQHandler
                0x08001bec       0x10 src/stm32f4xx_it.o
                0x08001bec                DMA2_Stream2_IRQHandler
 .text._read    0x08001bfc       0x3c src/syscalls.o
                0x08001bfc                _read
 .text._write   0x08001c38       0x38 src/syscalls.o
                0x08001c38                _write
 .text._sbrk    0x08001c70       0x58 src/syscalls.o
                0x08001c70                _sbrk
 .text._close   0x08001cc8       0x18 src/syscalls.o
                0x08001cc8                _close
 .text._fstat   0x08001ce0       0x20 src/syscalls.o
                0x08001ce0                _fstat
 .text._isatty  0x08001d00       0x18 src/syscalls.o
                0x08001d00                _isatty
 .text._lseek   0x08001d18       0x1c src/syscalls.o
                0x08001d18                _lseek
 .text.SystemInit
                0x08001d34       0x6c src/system_stm32f4xx.o
                0x08001d34                SystemInit
 .text.MX_TIM1_Init
                0x08001da0       0xc0 src/tim.o
                0x08001da0                MX_TIM1_Init
 .text.MX_TIM6_Init
                0x08001e60       0x50 src/tim.o
                0x08001e60                MX_TIM6_Init
 .text.HAL_TIM_Base_MspInit
                0x08001eb0       0x88 src/tim.o
                0x08001eb0                HAL_TIM_Base_MspInit
 .text.MX_USART1_UART_Init
                0x08001f38       0x48 src/usart.o
                0x08001f38                MX_USART1_UART_Init
 .text.HAL_UART_MspInit
                0x08001f80       0x60 src/usart.o
                0x08001f80                HAL_UART_MspInit
 .text.HAL_Init
                0x08001fe0       0x38 C:\develop\RCU_FW_Test2\stm32f4discovery_hal_lib\Debug\libstm32f4discovery_hal_lib.a(stm32f4xx_hal.o)
                0x08001fe0                HAL_Init
 .text.HAL_InitTick
                0x08002018       0x38 C:\develop\RCU_FW_Test2\stm32f4discovery_hal_lib\Debug\libstm32f4discovery_hal_lib.a(stm32f4xx_hal.o)
                0x08002018                HAL_InitTick
 .text.HAL_IncTick
                0x08002050       0x1c C:\develop\RCU_FW_Test2\stm32f4discovery_hal_lib\Debug\libstm32f4discovery_hal_lib.a(stm32f4xx_hal.o)
                0x08002050                HAL_IncTick
 .text.HAL_GetTick
                0x0800206c       0x18 C:\develop\RCU_FW_Test2\stm32f4discovery_hal_lib\Debug\libstm32f4discovery_hal_lib.a(stm32f4xx_hal.o)
                0x0800206c                HAL_GetTick
 .text.HAL_Delay
                0x08002084       0x2c C:\develop\RCU_FW_Test2\stm32f4discovery_hal_lib\Debug\libstm32f4discovery_hal_lib.a(stm32f4xx_hal.o)
                0x08002084                HAL_Delay
 .text.HAL_ADC_Init
                0x080020b0       0x5c C:\develop\RCU_FW_Test2\stm32f4discovery_hal_lib\Debug\libstm32f4discovery_hal_lib.a(stm32f4xx_hal_adc.o)
                0x080020b0                HAL_ADC_Init
 .text.HAL_ADC_Start
                0x0800210c       0xfc C:\develop\RCU_FW_Test2\stm32f4discovery_hal_lib\Debug\libstm32f4discovery_hal_lib.a(stm32f4xx_hal_adc.o)
                0x0800210c                HAL_ADC_Start
 .text.HAL_ADC_Start_DMA
                0x08002208      0x104 C:\develop\RCU_FW_Test2\stm32f4discovery_hal_lib\Debug\libstm32f4discovery_hal_lib.a(stm32f4xx_hal_adc.o)
                0x08002208                HAL_ADC_Start_DMA
 .text.HAL_ADC_ConvCpltCallback
                0x0800230c       0x14 C:\develop\RCU_FW_Test2\stm32f4discovery_hal_lib\Debug\libstm32f4discovery_hal_lib.a(stm32f4xx_hal_adc.o)
                0x0800230c                HAL_ADC_ConvCpltCallback
 .text.HAL_ADC_ConvHalfCpltCallback
                0x08002320       0x14 C:\develop\RCU_FW_Test2\stm32f4discovery_hal_lib\Debug\libstm32f4discovery_hal_lib.a(stm32f4xx_hal_adc.o)
                0x08002320                HAL_ADC_ConvHalfCpltCallback
 .text.HAL_ADC_ErrorCallback
                0x08002334       0x14 C:\develop\RCU_FW_Test2\stm32f4discovery_hal_lib\Debug\libstm32f4discovery_hal_lib.a(stm32f4xx_hal_adc.o)
                0x08002334                HAL_ADC_ErrorCallback
 .text.HAL_ADC_ConfigChannel
                0x08002348      0x244 C:\develop\RCU_FW_Test2\stm32f4discovery_hal_lib\Debug\libstm32f4discovery_hal_lib.a(stm32f4xx_hal_adc.o)
                0x08002348                HAL_ADC_ConfigChannel
 .text.ADC_Init
                0x0800258c      0x204 C:\develop\RCU_FW_Test2\stm32f4discovery_hal_lib\Debug\libstm32f4discovery_hal_lib.a(stm32f4xx_hal_adc.o)
 .text.ADC_DMAConvCplt
                0x08002790       0x38 C:\develop\RCU_FW_Test2\stm32f4discovery_hal_lib\Debug\libstm32f4discovery_hal_lib.a(stm32f4xx_hal_adc.o)
 .text.ADC_DMAHalfConvCplt
                0x080027c8       0x1c C:\develop\RCU_FW_Test2\stm32f4discovery_hal_lib\Debug\libstm32f4discovery_hal_lib.a(stm32f4xx_hal_adc.o)
 .text.ADC_DMAError
                0x080027e4       0x30 C:\develop\RCU_FW_Test2\stm32f4discovery_hal_lib\Debug\libstm32f4discovery_hal_lib.a(stm32f4xx_hal_adc.o)
 .text.NVIC_SetPriorityGrouping
                0x08002814       0x48 C:\develop\RCU_FW_Test2\stm32f4discovery_hal_lib\Debug\libstm32f4discovery_hal_lib.a(stm32f4xx_hal_cortex.o)
 .text.NVIC_GetPriorityGrouping
                0x0800285c       0x1c C:\develop\RCU_FW_Test2\stm32f4discovery_hal_lib\Debug\libstm32f4discovery_hal_lib.a(stm32f4xx_hal_cortex.o)
 .text.NVIC_EnableIRQ
                0x08002878       0x30 C:\develop\RCU_FW_Test2\stm32f4discovery_hal_lib\Debug\libstm32f4discovery_hal_lib.a(stm32f4xx_hal_cortex.o)
 .text.NVIC_SetPriority
                0x080028a8       0x54 C:\develop\RCU_FW_Test2\stm32f4discovery_hal_lib\Debug\libstm32f4discovery_hal_lib.a(stm32f4xx_hal_cortex.o)
 .text.NVIC_EncodePriority
                0x080028fc       0x64 C:\develop\RCU_FW_Test2\stm32f4discovery_hal_lib\Debug\libstm32f4discovery_hal_lib.a(stm32f4xx_hal_cortex.o)
 .text.SysTick_Config
                0x08002960       0x44 C:\develop\RCU_FW_Test2\stm32f4discovery_hal_lib\Debug\libstm32f4discovery_hal_lib.a(stm32f4xx_hal_cortex.o)
 .text.HAL_NVIC_SetPriorityGrouping
                0x080029a4       0x14 C:\develop\RCU_FW_Test2\stm32f4discovery_hal_lib\Debug\libstm32f4discovery_hal_lib.a(stm32f4xx_hal_cortex.o)
                0x080029a4                HAL_NVIC_SetPriorityGrouping
 .text.HAL_NVIC_SetPriority
                0x080029b8       0x38 C:\develop\RCU_FW_Test2\stm32f4discovery_hal_lib\Debug\libstm32f4discovery_hal_lib.a(stm32f4xx_hal_cortex.o)
                0x080029b8                HAL_NVIC_SetPriority
 .text.HAL_NVIC_EnableIRQ
                0x080029f0       0x1c C:\develop\RCU_FW_Test2\stm32f4discovery_hal_lib\Debug\libstm32f4discovery_hal_lib.a(stm32f4xx_hal_cortex.o)
                0x080029f0                HAL_NVIC_EnableIRQ
 .text.HAL_SYSTICK_Config
                0x08002a0c       0x18 C:\develop\RCU_FW_Test2\stm32f4discovery_hal_lib\Debug\libstm32f4discovery_hal_lib.a(stm32f4xx_hal_cortex.o)
                0x08002a0c                HAL_SYSTICK_Config
 .text.HAL_SYSTICK_CLKSourceConfig
                0x08002a24       0x38 C:\develop\RCU_FW_Test2\stm32f4discovery_hal_lib\Debug\libstm32f4discovery_hal_lib.a(stm32f4xx_hal_cortex.o)
                0x08002a24                HAL_SYSTICK_CLKSourceConfig
 .text.HAL_SYSTICK_IRQHandler
                0x08002a5c        0xc C:\develop\RCU_FW_Test2\stm32f4discovery_hal_lib\Debug\libstm32f4discovery_hal_lib.a(stm32f4xx_hal_cortex.o)
                0x08002a5c                HAL_SYSTICK_IRQHandler
 .text.HAL_SYSTICK_Callback
                0x08002a68        0xc C:\develop\RCU_FW_Test2\stm32f4discovery_hal_lib\Debug\libstm32f4discovery_hal_lib.a(stm32f4xx_hal_cortex.o)
                0x08002a68                HAL_SYSTICK_Callback
 .text.HAL_DAC_Init
                0x08002a74       0x44 C:\develop\RCU_FW_Test2\stm32f4discovery_hal_lib\Debug\libstm32f4discovery_hal_lib.a(stm32f4xx_hal_dac.o)
                0x08002a74                HAL_DAC_Init
 .text.HAL_DAC_Start
                0x08002ab8       0xd0 C:\develop\RCU_FW_Test2\stm32f4discovery_hal_lib\Debug\libstm32f4discovery_hal_lib.a(stm32f4xx_hal_dac.o)
                0x08002ab8                HAL_DAC_Start
 .text.HAL_DAC_ConfigChannel
                0x08002b88       0x9c C:\develop\RCU_FW_Test2\stm32f4discovery_hal_lib\Debug\libstm32f4discovery_hal_lib.a(stm32f4xx_hal_dac.o)
                0x08002b88                HAL_DAC_ConfigChannel
 .text.HAL_DAC_SetValue
                0x08002c24       0x4c C:\develop\RCU_FW_Test2\stm32f4discovery_hal_lib\Debug\libstm32f4discovery_hal_lib.a(stm32f4xx_hal_dac.o)
                0x08002c24                HAL_DAC_SetValue
 .text.HAL_DACEx_TriangleWaveGenerate
                0x08002c70       0x68 C:\develop\RCU_FW_Test2\stm32f4discovery_hal_lib\Debug\libstm32f4discovery_hal_lib.a(stm32f4xx_hal_dac_ex.o)
                0x08002c70                HAL_DACEx_TriangleWaveGenerate
 .text.HAL_DMA_Init
                0x08002cd8       0xd8 C:\develop\RCU_FW_Test2\stm32f4discovery_hal_lib\Debug\libstm32f4discovery_hal_lib.a(stm32f4xx_hal_dma.o)
                0x08002cd8                HAL_DMA_Init
 .text.HAL_DMA_Start_IT
                0x08002db0       0x84 C:\develop\RCU_FW_Test2\stm32f4discovery_hal_lib\Debug\libstm32f4discovery_hal_lib.a(stm32f4xx_hal_dma.o)
                0x08002db0                HAL_DMA_Start_IT
 .text.HAL_DMA_IRQHandler
                0x08002e34      0x2f4 C:\develop\RCU_FW_Test2\stm32f4discovery_hal_lib\Debug\libstm32f4discovery_hal_lib.a(stm32f4xx_hal_dma.o)
                0x08002e34                HAL_DMA_IRQHandler
 .text.DMA_SetConfig
                0x08003128       0x5c C:\develop\RCU_FW_Test2\stm32f4discovery_hal_lib\Debug\libstm32f4discovery_hal_lib.a(stm32f4xx_hal_dma.o)
 .text.DMA_CalcBaseAndBitshift
                0x08003184       0x6c C:\develop\RCU_FW_Test2\stm32f4discovery_hal_lib\Debug\libstm32f4discovery_hal_lib.a(stm32f4xx_hal_dma.o)
 .text.HAL_GPIO_Init
                0x080031f0      0x338 C:\develop\RCU_FW_Test2\stm32f4discovery_hal_lib\Debug\libstm32f4discovery_hal_lib.a(stm32f4xx_hal_gpio.o)
                0x080031f0                HAL_GPIO_Init
 .text.HAL_GPIO_WritePin
                0x08003528       0x30 C:\develop\RCU_FW_Test2\stm32f4discovery_hal_lib\Debug\libstm32f4discovery_hal_lib.a(stm32f4xx_hal_gpio.o)
                0x08003528                HAL_GPIO_WritePin
 .text.HAL_I2C_Init
                0x08003558      0x1b4 C:\develop\RCU_FW_Test2\stm32f4discovery_hal_lib\Debug\libstm32f4discovery_hal_lib.a(stm32f4xx_hal_i2c.o)
                0x08003558                HAL_I2C_Init
 .text.HAL_RCC_OscConfig
                0x0800370c      0x48c C:\develop\RCU_FW_Test2\stm32f4discovery_hal_lib\Debug\libstm32f4discovery_hal_lib.a(stm32f4xx_hal_rcc.o)
                0x0800370c                HAL_RCC_OscConfig
 .text.HAL_RCC_ClockConfig
                0x08003b98      0x31c C:\develop\RCU_FW_Test2\stm32f4discovery_hal_lib\Debug\libstm32f4discovery_hal_lib.a(stm32f4xx_hal_rcc.o)
                0x08003b98                HAL_RCC_ClockConfig
 .text.HAL_RCC_GetSysClockFreq
                0x08003eb4       0xfc C:\develop\RCU_FW_Test2\stm32f4discovery_hal_lib\Debug\libstm32f4discovery_hal_lib.a(stm32f4xx_hal_rcc.o)
                0x08003eb4                HAL_RCC_GetSysClockFreq
 .text.HAL_RCC_GetHCLKFreq
                0x08003fb0       0x50 C:\develop\RCU_FW_Test2\stm32f4discovery_hal_lib\Debug\libstm32f4discovery_hal_lib.a(stm32f4xx_hal_rcc.o)
                0x08003fb0                HAL_RCC_GetHCLKFreq
 .text.HAL_RCC_GetPCLK1Freq
                0x08004000       0x44 C:\develop\RCU_FW_Test2\stm32f4discovery_hal_lib\Debug\libstm32f4discovery_hal_lib.a(stm32f4xx_hal_rcc.o)
                0x08004000                HAL_RCC_GetPCLK1Freq
 .text.HAL_RCC_GetPCLK2Freq
                0x08004044       0x44 C:\develop\RCU_FW_Test2\stm32f4discovery_hal_lib\Debug\libstm32f4discovery_hal_lib.a(stm32f4xx_hal_rcc.o)
                0x08004044                HAL_RCC_GetPCLK2Freq
 .text.HAL_RNG_Init
                0x08004088       0x68 C:\develop\RCU_FW_Test2\stm32f4discovery_hal_lib\Debug\libstm32f4discovery_hal_lib.a(stm32f4xx_hal_rng.o)
                0x08004088                HAL_RNG_Init
 .text.HAL_TIM_Base_Init
                0x080040f0       0x58 C:\develop\RCU_FW_Test2\stm32f4discovery_hal_lib\Debug\libstm32f4discovery_hal_lib.a(stm32f4xx_hal_tim.o)
                0x080040f0                HAL_TIM_Base_Init
 .text.HAL_TIM_Base_Start
                0x08004148       0x38 C:\develop\RCU_FW_Test2\stm32f4discovery_hal_lib\Debug\libstm32f4discovery_hal_lib.a(stm32f4xx_hal_tim.o)
                0x08004148                HAL_TIM_Base_Start
 .text.HAL_TIM_OC_Init
                0x08004180       0x58 C:\develop\RCU_FW_Test2\stm32f4discovery_hal_lib\Debug\libstm32f4discovery_hal_lib.a(stm32f4xx_hal_tim.o)
                0x08004180                HAL_TIM_OC_Init
 .text.HAL_TIM_OC_MspInit
                0x080041d8       0x14 C:\develop\RCU_FW_Test2\stm32f4discovery_hal_lib\Debug\libstm32f4discovery_hal_lib.a(stm32f4xx_hal_tim.o)
                0x080041d8                HAL_TIM_OC_MspInit
 .text.HAL_TIM_OC_ConfigChannel
                0x080041ec       0xc0 C:\develop\RCU_FW_Test2\stm32f4discovery_hal_lib\Debug\libstm32f4discovery_hal_lib.a(stm32f4xx_hal_tim.o)
                0x080041ec                HAL_TIM_OC_ConfigChannel
 .text.HAL_TIM_ConfigClockSource
                0x080042ac      0x1c4 C:\develop\RCU_FW_Test2\stm32f4discovery_hal_lib\Debug\libstm32f4discovery_hal_lib.a(stm32f4xx_hal_tim.o)
                0x080042ac                HAL_TIM_ConfigClockSource
 .text.TIM_Base_SetConfig
                0x08004470      0x150 C:\develop\RCU_FW_Test2\stm32f4discovery_hal_lib\Debug\libstm32f4discovery_hal_lib.a(stm32f4xx_hal_tim.o)
                0x08004470                TIM_Base_SetConfig
 .text.TIM_OC2_SetConfig
                0x080045c0       0xf0 C:\develop\RCU_FW_Test2\stm32f4discovery_hal_lib\Debug\libstm32f4discovery_hal_lib.a(stm32f4xx_hal_tim.o)
                0x080045c0                TIM_OC2_SetConfig
 .text.TIM_OC1_SetConfig
                0x080046b0       0xe4 C:\develop\RCU_FW_Test2\stm32f4discovery_hal_lib\Debug\libstm32f4discovery_hal_lib.a(stm32f4xx_hal_tim.o)
 .text.TIM_OC3_SetConfig
                0x08004794       0xec C:\develop\RCU_FW_Test2\stm32f4discovery_hal_lib\Debug\libstm32f4discovery_hal_lib.a(stm32f4xx_hal_tim.o)
 .text.TIM_OC4_SetConfig
                0x08004880       0xc0 C:\develop\RCU_FW_Test2\stm32f4discovery_hal_lib\Debug\libstm32f4discovery_hal_lib.a(stm32f4xx_hal_tim.o)
 .text.TIM_TI1_ConfigInputStage
                0x08004940       0x64 C:\develop\RCU_FW_Test2\stm32f4discovery_hal_lib\Debug\libstm32f4discovery_hal_lib.a(stm32f4xx_hal_tim.o)
 .text.TIM_TI2_ConfigInputStage
                0x080049a4       0x68 C:\develop\RCU_FW_Test2\stm32f4discovery_hal_lib\Debug\libstm32f4discovery_hal_lib.a(stm32f4xx_hal_tim.o)
 .text.TIM_ITRx_SetConfig
                0x08004a0c       0x40 C:\develop\RCU_FW_Test2\stm32f4discovery_hal_lib\Debug\libstm32f4discovery_hal_lib.a(stm32f4xx_hal_tim.o)
 .text.TIM_ETR_SetConfig
                0x08004a4c       0x44 C:\develop\RCU_FW_Test2\stm32f4discovery_hal_lib\Debug\libstm32f4discovery_hal_lib.a(stm32f4xx_hal_tim.o)
 .text.HAL_TIMEx_MasterConfigSynchronization
                0x08004a90       0x8c C:\develop\RCU_FW_Test2\stm32f4discovery_hal_lib\Debug\libstm32f4discovery_hal_lib.a(stm32f4xx_hal_tim_ex.o)
                0x08004a90                HAL_TIMEx_MasterConfigSynchronization
 .text.HAL_TIMEx_ConfigBreakDeadTime
                0x08004b1c       0x74 C:\develop\RCU_FW_Test2\stm32f4discovery_hal_lib\Debug\libstm32f4discovery_hal_lib.a(stm32f4xx_hal_tim_ex.o)
                0x08004b1c                HAL_TIMEx_ConfigBreakDeadTime
 .text.HAL_UART_Init
                0x08004b90       0x94 C:\develop\RCU_FW_Test2\stm32f4discovery_hal_lib\Debug\libstm32f4discovery_hal_lib.a(stm32f4xx_hal_uart.o)
                0x08004b90                HAL_UART_Init
 .text.UART_SetConfig
                0x08004c24      0x2d4 C:\develop\RCU_FW_Test2\stm32f4discovery_hal_lib\Debug\libstm32f4discovery_hal_lib.a(stm32f4xx_hal_uart.o)
 .text.__errno  0x08004ef8        0xc c:/ac6/systemworkbench/plugins/fr.ac6.mcu.externaltools.arm-none.win32_1.3.0.201507241045/tools/compiler/bin/../lib/gcc/arm-none-eabi/4.9.3/../../../../arm-none-eabi/lib/armv7e-m/fpu\libc.a(lib_a-errno.o)
                0x08004ef8                __errno
 .text.__libc_init_array
                0x08004f04       0x50 c:/ac6/systemworkbench/plugins/fr.ac6.mcu.externaltools.arm-none.win32_1.3.0.201507241045/tools/compiler/bin/../lib/gcc/arm-none-eabi/4.9.3/../../../../arm-none-eabi/lib/armv7e-m/fpu\libc.a(lib_a-init.o)
                0x08004f04                __libc_init_array
 .text.memset   0x08004f54       0x9c c:/ac6/systemworkbench/plugins/fr.ac6.mcu.externaltools.arm-none.win32_1.3.0.201507241045/tools/compiler/bin/../lib/gcc/arm-none-eabi/4.9.3/../../../../arm-none-eabi/lib/armv7e-m/fpu\libc.a(lib_a-memset.o)
                0x08004f54                memset
 .text.printf   0x08004ff0       0x28 c:/ac6/systemworkbench/plugins/fr.ac6.mcu.externaltools.arm-none.win32_1.3.0.201507241045/tools/compiler/bin/../lib/gcc/arm-none-eabi/4.9.3/../../../../arm-none-eabi/lib/armv7e-m/fpu\libc.a(lib_a-printf.o)
                0x08004ff0                printf
 .text._puts_r  0x08005018       0x5c c:/ac6/systemworkbench/plugins/fr.ac6.mcu.externaltools.arm-none.win32_1.3.0.201507241045/tools/compiler/bin/../lib/gcc/arm-none-eabi/4.9.3/../../../../arm-none-eabi/lib/armv7e-m/fpu\libc.a(lib_a-puts.o)
                0x08005018                _puts_r
 .text.puts     0x08005074       0x10 c:/ac6/systemworkbench/plugins/fr.ac6.mcu.externaltools.arm-none.win32_1.3.0.201507241045/tools/compiler/bin/../lib/gcc/arm-none-eabi/4.9.3/../../../../arm-none-eabi/lib/armv7e-m/fpu\libc.a(lib_a-puts.o)
                0x08005074                puts
 .text.strlen   0x08005084       0x5c c:/ac6/systemworkbench/plugins/fr.ac6.mcu.externaltools.arm-none.win32_1.3.0.201507241045/tools/compiler/bin/../lib/gcc/arm-none-eabi/4.9.3/../../../../arm-none-eabi/lib/armv7e-m/fpu\libc.a(lib_a-strlen.o)
                0x08005084                strlen
 .text._vfprintf_r
                0x080050e0     0x1428 c:/ac6/systemworkbench/plugins/fr.ac6.mcu.externaltools.arm-none.win32_1.3.0.201507241045/tools/compiler/bin/../lib/gcc/arm-none-eabi/4.9.3/../../../../arm-none-eabi/lib/armv7e-m/fpu\libc.a(lib_a-vfprintf.o)
                0x080050e0                _vfprintf_r
 .text.__sbprintf
                0x08006508       0x78 c:/ac6/systemworkbench/plugins/fr.ac6.mcu.externaltools.arm-none.win32_1.3.0.201507241045/tools/compiler/bin/../lib/gcc/arm-none-eabi/4.9.3/../../../../arm-none-eabi/lib/armv7e-m/fpu\libc.a(lib_a-vfprintf.o)
 .text.__swsetup_r
                0x08006580       0xc4 c:/ac6/systemworkbench/plugins/fr.ac6.mcu.externaltools.arm-none.win32_1.3.0.201507241045/tools/compiler/bin/../lib/gcc/arm-none-eabi/4.9.3/../../../../arm-none-eabi/lib/armv7e-m/fpu\libc.a(lib_a-wsetup.o)
                0x08006580                __swsetup_r
 .text.startup.register_fini
                0x08006644       0x14 c:/ac6/systemworkbench/plugins/fr.ac6.mcu.externaltools.arm-none.win32_1.3.0.201507241045/tools/compiler/bin/../lib/gcc/arm-none-eabi/4.9.3/../../../../arm-none-eabi/lib/armv7e-m/fpu\libc.a(lib_a-__call_atexit.o)
 .text.atexit   0x08006658        0xc c:/ac6/systemworkbench/plugins/fr.ac6.mcu.externaltools.arm-none.win32_1.3.0.201507241045/tools/compiler/bin/../lib/gcc/arm-none-eabi/4.9.3/../../../../arm-none-eabi/lib/armv7e-m/fpu\libc.a(lib_a-atexit.o)
                0x08006658                atexit
 .text.quorem   0x08006664      0x12c c:/ac6/systemworkbench/plugins/fr.ac6.mcu.externaltools.arm-none.win32_1.3.0.201507241045/tools/compiler/bin/../lib/gcc/arm-none-eabi/4.9.3/../../../../arm-none-eabi/lib/armv7e-m/fpu\libc.a(lib_a-dtoa.o)
 .text._dtoa_r  0x08006790      0xea8 c:/ac6/systemworkbench/plugins/fr.ac6.mcu.externaltools.arm-none.win32_1.3.0.201507241045/tools/compiler/bin/../lib/gcc/arm-none-eabi/4.9.3/../../../../arm-none-eabi/lib/armv7e-m/fpu\libc.a(lib_a-dtoa.o)
                0x08006790                _dtoa_r
 .text.__sflush_r
                0x08007638      0x154 c:/ac6/systemworkbench/plugins/fr.ac6.mcu.externaltools.arm-none.win32_1.3.0.201507241045/tools/compiler/bin/../lib/gcc/arm-none-eabi/4.9.3/../../../../arm-none-eabi/lib/armv7e-m/fpu\libc.a(lib_a-fflush.o)
                0x08007638                __sflush_r
 .text._fflush_r
                0x0800778c       0x2c c:/ac6/systemworkbench/plugins/fr.ac6.mcu.externaltools.arm-none.win32_1.3.0.201507241045/tools/compiler/bin/../lib/gcc/arm-none-eabi/4.9.3/../../../../arm-none-eabi/lib/armv7e-m/fpu\libc.a(lib_a-fflush.o)
                0x0800778c                _fflush_r
 .text._cleanup_r
                0x080077b8        0xc c:/ac6/systemworkbench/plugins/fr.ac6.mcu.externaltools.arm-none.win32_1.3.0.201507241045/tools/compiler/bin/../lib/gcc/arm-none-eabi/4.9.3/../../../../arm-none-eabi/lib/armv7e-m/fpu\libc.a(lib_a-findfp.o)
                0x080077b8                _cleanup_r
 .text.__sinit.part.1
                0x080077c4       0xf0 c:/ac6/systemworkbench/plugins/fr.ac6.mcu.externaltools.arm-none.win32_1.3.0.201507241045/tools/compiler/bin/../lib/gcc/arm-none-eabi/4.9.3/../../../../arm-none-eabi/lib/armv7e-m/fpu\libc.a(lib_a-findfp.o)
 .text.__sinit  0x080078b4        0xc c:/ac6/systemworkbench/plugins/fr.ac6.mcu.externaltools.arm-none.win32_1.3.0.201507241045/tools/compiler/bin/../lib/gcc/arm-none-eabi/4.9.3/../../../../arm-none-eabi/lib/armv7e-m/fpu\libc.a(lib_a-findfp.o)
                0x080078b4                __sinit
 .text.__sfp_lock_acquire
                0x080078c0        0x4 c:/ac6/systemworkbench/plugins/fr.ac6.mcu.externaltools.arm-none.win32_1.3.0.201507241045/tools/compiler/bin/../lib/gcc/arm-none-eabi/4.9.3/../../../../arm-none-eabi/lib/armv7e-m/fpu\libc.a(lib_a-findfp.o)
                0x080078c0                __sfp_lock_acquire
 .text.__sfp_lock_release
                0x080078c4        0x4 c:/ac6/systemworkbench/plugins/fr.ac6.mcu.externaltools.arm-none.win32_1.3.0.201507241045/tools/compiler/bin/../lib/gcc/arm-none-eabi/4.9.3/../../../../arm-none-eabi/lib/armv7e-m/fpu\libc.a(lib_a-findfp.o)
                0x080078c4                __sfp_lock_release
 .text.__libc_fini_array
                0x080078c8       0x2c c:/ac6/systemworkbench/plugins/fr.ac6.mcu.externaltools.arm-none.win32_1.3.0.201507241045/tools/compiler/bin/../lib/gcc/arm-none-eabi/4.9.3/../../../../arm-none-eabi/lib/armv7e-m/fpu\libc.a(lib_a-fini.o)
                0x080078c8                __libc_fini_array
 .text._malloc_trim_r
                0x080078f4       0x9c c:/ac6/systemworkbench/plugins/fr.ac6.mcu.externaltools.arm-none.win32_1.3.0.201507241045/tools/compiler/bin/../lib/gcc/arm-none-eabi/4.9.3/../../../../arm-none-eabi/lib/armv7e-m/fpu\libc.a(lib_a-freer.o)
                0x080078f4                _malloc_trim_r
 .text._free_r  0x08007990      0x1b0 c:/ac6/systemworkbench/plugins/fr.ac6.mcu.externaltools.arm-none.win32_1.3.0.201507241045/tools/compiler/bin/../lib/gcc/arm-none-eabi/4.9.3/../../../../arm-none-eabi/lib/armv7e-m/fpu\libc.a(lib_a-freer.o)
                0x08007990                _free_r
 .text.__sfvwrite_r
                0x08007b40      0x318 c:/ac6/systemworkbench/plugins/fr.ac6.mcu.externaltools.arm-none.win32_1.3.0.201507241045/tools/compiler/bin/../lib/gcc/arm-none-eabi/4.9.3/../../../../arm-none-eabi/lib/armv7e-m/fpu\libc.a(lib_a-fvwrite.o)
                0x08007b40                __sfvwrite_r
 .text._fwalk_reent
                0x08007e58       0x54 c:/ac6/systemworkbench/plugins/fr.ac6.mcu.externaltools.arm-none.win32_1.3.0.201507241045/tools/compiler/bin/../lib/gcc/arm-none-eabi/4.9.3/../../../../arm-none-eabi/lib/armv7e-m/fpu\libc.a(lib_a-fwalk.o)
                0x08007e58                _fwalk_reent
 .text.__locale_charset
                0x08007eac        0x8 c:/ac6/systemworkbench/plugins/fr.ac6.mcu.externaltools.arm-none.win32_1.3.0.201507241045/tools/compiler/bin/../lib/gcc/arm-none-eabi/4.9.3/../../../../arm-none-eabi/lib/armv7e-m/fpu\libc.a(lib_a-locale.o)
                0x08007eac                __locale_charset
 .text.__locale_mb_cur_max
                0x08007eb4        0xc c:/ac6/systemworkbench/plugins/fr.ac6.mcu.externaltools.arm-none.win32_1.3.0.201507241045/tools/compiler/bin/../lib/gcc/arm-none-eabi/4.9.3/../../../../arm-none-eabi/lib/armv7e-m/fpu\libc.a(lib_a-locale.o)
                0x08007eb4                __locale_mb_cur_max
 .text._localeconv_r
                0x08007ec0        0x8 c:/ac6/systemworkbench/plugins/fr.ac6.mcu.externaltools.arm-none.win32_1.3.0.201507241045/tools/compiler/bin/../lib/gcc/arm-none-eabi/4.9.3/../../../../arm-none-eabi/lib/armv7e-m/fpu\libc.a(lib_a-locale.o)
                0x08007ec0                _localeconv_r
 .text.__smakebuf_r
                0x08007ec8       0xe0 c:/ac6/systemworkbench/plugins/fr.ac6.mcu.externaltools.arm-none.win32_1.3.0.201507241045/tools/compiler/bin/../lib/gcc/arm-none-eabi/4.9.3/../../../../arm-none-eabi/lib/armv7e-m/fpu\libc.a(lib_a-makebuf.o)
                0x08007ec8                __smakebuf_r
 .text._malloc_r
                0x08007fa8      0x524 c:/ac6/systemworkbench/plugins/fr.ac6.mcu.externaltools.arm-none.win32_1.3.0.201507241045/tools/compiler/bin/../lib/gcc/arm-none-eabi/4.9.3/../../../../arm-none-eabi/lib/armv7e-m/fpu\libc.a(lib_a-mallocr.o)
                0x08007fa8                _malloc_r
 .text.memchr   0x080084cc       0x94 c:/ac6/systemworkbench/plugins/fr.ac6.mcu.externaltools.arm-none.win32_1.3.0.201507241045/tools/compiler/bin/../lib/gcc/arm-none-eabi/4.9.3/../../../../arm-none-eabi/lib/armv7e-m/fpu\libc.a(lib_a-memchr.o)
                0x080084cc                memchr
 .text.memmove  0x08008560       0xc8 c:/ac6/systemworkbench/plugins/fr.ac6.mcu.externaltools.arm-none.win32_1.3.0.201507241045/tools/compiler/bin/../lib/gcc/arm-none-eabi/4.9.3/../../../../arm-none-eabi/lib/armv7e-m/fpu\libc.a(lib_a-memmove.o)
                0x08008560                memmove
 .text.__malloc_lock
                0x08008628        0x4 c:/ac6/systemworkbench/plugins/fr.ac6.mcu.externaltools.arm-none.win32_1.3.0.201507241045/tools/compiler/bin/../lib/gcc/arm-none-eabi/4.9.3/../../../../arm-none-eabi/lib/armv7e-m/fpu\libc.a(lib_a-mlock.o)
                0x08008628                __malloc_lock
 .text.__malloc_unlock
                0x0800862c        0x4 c:/ac6/systemworkbench/plugins/fr.ac6.mcu.externaltools.arm-none.win32_1.3.0.201507241045/tools/compiler/bin/../lib/gcc/arm-none-eabi/4.9.3/../../../../arm-none-eabi/lib/armv7e-m/fpu\libc.a(lib_a-mlock.o)
                0x0800862c                __malloc_unlock
 .text._Balloc  0x08008630       0x4c c:/ac6/systemworkbench/plugins/fr.ac6.mcu.externaltools.arm-none.win32_1.3.0.201507241045/tools/compiler/bin/../lib/gcc/arm-none-eabi/4.9.3/../../../../arm-none-eabi/lib/armv7e-m/fpu\libc.a(lib_a-mprec.o)
                0x08008630                _Balloc
 .text._Bfree   0x0800867c       0x14 c:/ac6/systemworkbench/plugins/fr.ac6.mcu.externaltools.arm-none.win32_1.3.0.201507241045/tools/compiler/bin/../lib/gcc/arm-none-eabi/4.9.3/../../../../arm-none-eabi/lib/armv7e-m/fpu\libc.a(lib_a-mprec.o)
                0x0800867c                _Bfree
 .text.__multadd
                0x08008690       0x84 c:/ac6/systemworkbench/plugins/fr.ac6.mcu.externaltools.arm-none.win32_1.3.0.201507241045/tools/compiler/bin/../lib/gcc/arm-none-eabi/4.9.3/../../../../arm-none-eabi/lib/armv7e-m/fpu\libc.a(lib_a-mprec.o)
                0x08008690                __multadd
 .text.__hi0bits
                0x08008714       0x40 c:/ac6/systemworkbench/plugins/fr.ac6.mcu.externaltools.arm-none.win32_1.3.0.201507241045/tools/compiler/bin/../lib/gcc/arm-none-eabi/4.9.3/../../../../arm-none-eabi/lib/armv7e-m/fpu\libc.a(lib_a-mprec.o)
                0x08008714                __hi0bits
 .text.__lo0bits
                0x08008754       0x5c c:/ac6/systemworkbench/plugins/fr.ac6.mcu.externaltools.arm-none.win32_1.3.0.201507241045/tools/compiler/bin/../lib/gcc/arm-none-eabi/4.9.3/../../../../arm-none-eabi/lib/armv7e-m/fpu\libc.a(lib_a-mprec.o)
                0x08008754                __lo0bits
 .text.__i2b    0x080087b0       0x14 c:/ac6/systemworkbench/plugins/fr.ac6.mcu.externaltools.arm-none.win32_1.3.0.201507241045/tools/compiler/bin/../lib/gcc/arm-none-eabi/4.9.3/../../../../arm-none-eabi/lib/armv7e-m/fpu\libc.a(lib_a-mprec.o)
                0x080087b0                __i2b
 .text.__multiply
                0x080087c4      0x134 c:/ac6/systemworkbench/plugins/fr.ac6.mcu.externaltools.arm-none.win32_1.3.0.201507241045/tools/compiler/bin/../lib/gcc/arm-none-eabi/4.9.3/../../../../arm-none-eabi/lib/armv7e-m/fpu\libc.a(lib_a-mprec.o)
                0x080087c4                __multiply
 .text.__pow5mult
                0x080088f8       0xa0 c:/ac6/systemworkbench/plugins/fr.ac6.mcu.externaltools.arm-none.win32_1.3.0.201507241045/tools/compiler/bin/../lib/gcc/arm-none-eabi/4.9.3/../../../../arm-none-eabi/lib/armv7e-m/fpu\libc.a(lib_a-mprec.o)
                0x080088f8                __pow5mult
 .text.__lshift
                0x08008998       0xac c:/ac6/systemworkbench/plugins/fr.ac6.mcu.externaltools.arm-none.win32_1.3.0.201507241045/tools/compiler/bin/../lib/gcc/arm-none-eabi/4.9.3/../../../../arm-none-eabi/lib/armv7e-m/fpu\libc.a(lib_a-mprec.o)
                0x08008998                __lshift
 .text.__mcmp   0x08008a44       0x48 c:/ac6/systemworkbench/plugins/fr.ac6.mcu.externaltools.arm-none.win32_1.3.0.201507241045/tools/compiler/bin/../lib/gcc/arm-none-eabi/4.9.3/../../../../arm-none-eabi/lib/armv7e-m/fpu\libc.a(lib_a-mprec.o)
                0x08008a44                __mcmp
 .text.__mdiff  0x08008a8c       0xd4 c:/ac6/systemworkbench/plugins/fr.ac6.mcu.externaltools.arm-none.win32_1.3.0.201507241045/tools/compiler/bin/../lib/gcc/arm-none-eabi/4.9.3/../../../../arm-none-eabi/lib/armv7e-m/fpu\libc.a(lib_a-mprec.o)
                0x08008a8c                __mdiff
 .text.__d2b    0x08008b60       0xbc c:/ac6/systemworkbench/plugins/fr.ac6.mcu.externaltools.arm-none.win32_1.3.0.201507241045/tools/compiler/bin/../lib/gcc/arm-none-eabi/4.9.3/../../../../arm-none-eabi/lib/armv7e-m/fpu\libc.a(lib_a-mprec.o)
                0x08008b60                __d2b
 .text._realloc_r
                0x08008c1c      0x3ec c:/ac6/systemworkbench/plugins/fr.ac6.mcu.externaltools.arm-none.win32_1.3.0.201507241045/tools/compiler/bin/../lib/gcc/arm-none-eabi/4.9.3/../../../../arm-none-eabi/lib/armv7e-m/fpu\libc.a(lib_a-reallocr.o)
                0x08008c1c                _realloc_r
 .text.__fpclassifyd
                0x08009008       0x5c c:/ac6/systemworkbench/plugins/fr.ac6.mcu.externaltools.arm-none.win32_1.3.0.201507241045/tools/compiler/bin/../lib/gcc/arm-none-eabi/4.9.3/../../../../arm-none-eabi/lib/armv7e-m/fpu\libc.a(lib_a-s_fpclassify.o)
                0x08009008                __fpclassifyd
 .text._sbrk_r  0x08009064       0x24 c:/ac6/systemworkbench/plugins/fr.ac6.mcu.externaltools.arm-none.win32_1.3.0.201507241045/tools/compiler/bin/../lib/gcc/arm-none-eabi/4.9.3/../../../../arm-none-eabi/lib/armv7e-m/fpu\libc.a(lib_a-sbrkr.o)
                0x08009064                _sbrk_r
 .text.__sread  0x08009088       0x24 c:/ac6/systemworkbench/plugins/fr.ac6.mcu.externaltools.arm-none.win32_1.3.0.201507241045/tools/compiler/bin/../lib/gcc/arm-none-eabi/4.9.3/../../../../arm-none-eabi/lib/armv7e-m/fpu\libc.a(lib_a-stdio.o)
                0x08009088                __sread
 .text.__swrite
                0x080090ac       0x38 c:/ac6/systemworkbench/plugins/fr.ac6.mcu.externaltools.arm-none.win32_1.3.0.201507241045/tools/compiler/bin/../lib/gcc/arm-none-eabi/4.9.3/../../../../arm-none-eabi/lib/armv7e-m/fpu\libc.a(lib_a-stdio.o)
                0x080090ac                __swrite
 .text.__sseek  0x080090e4       0x20 c:/ac6/systemworkbench/plugins/fr.ac6.mcu.externaltools.arm-none.win32_1.3.0.201507241045/tools/compiler/bin/../lib/gcc/arm-none-eabi/4.9.3/../../../../arm-none-eabi/lib/armv7e-m/fpu\libc.a(lib_a-stdio.o)
                0x080090e4                __sseek
 .text.__sclose
                0x08009104        0x8 c:/ac6/systemworkbench/plugins/fr.ac6.mcu.externaltools.arm-none.win32_1.3.0.201507241045/tools/compiler/bin/../lib/gcc/arm-none-eabi/4.9.3/../../../../arm-none-eabi/lib/armv7e-m/fpu\libc.a(lib_a-stdio.o)
                0x08009104                __sclose
 .text.__sprint_r.part.0
                0x0800910c       0x78 c:/ac6/systemworkbench/plugins/fr.ac6.mcu.externaltools.arm-none.win32_1.3.0.201507241045/tools/compiler/bin/../lib/gcc/arm-none-eabi/4.9.3/../../../../arm-none-eabi/lib/armv7e-m/fpu\libc.a(lib_a-vfiprintf.o)
 .text.__sprint_r
                0x08009184       0x18 c:/ac6/systemworkbench/plugins/fr.ac6.mcu.externaltools.arm-none.win32_1.3.0.201507241045/tools/compiler/bin/../lib/gcc/arm-none-eabi/4.9.3/../../../../arm-none-eabi/lib/armv7e-m/fpu\libc.a(lib_a-vfiprintf.o)
                0x08009184                __sprint_r
 .text._write_r
                0x0800919c       0x28 c:/ac6/systemworkbench/plugins/fr.ac6.mcu.externaltools.arm-none.win32_1.3.0.201507241045/tools/compiler/bin/../lib/gcc/arm-none-eabi/4.9.3/../../../../arm-none-eabi/lib/armv7e-m/fpu\libc.a(lib_a-writer.o)
                0x0800919c                _write_r
 .text.__register_exitproc
                0x080091c4       0xa4 c:/ac6/systemworkbench/plugins/fr.ac6.mcu.externaltools.arm-none.win32_1.3.0.201507241045/tools/compiler/bin/../lib/gcc/arm-none-eabi/4.9.3/../../../../arm-none-eabi/lib/armv7e-m/fpu\libc.a(lib_a-__atexit.o)
                0x080091c4                __register_exitproc
 .text._calloc_r
                0x08009268       0x60 c:/ac6/systemworkbench/plugins/fr.ac6.mcu.externaltools.arm-none.win32_1.3.0.201507241045/tools/compiler/bin/../lib/gcc/arm-none-eabi/4.9.3/../../../../arm-none-eabi/lib/armv7e-m/fpu\libc.a(lib_a-callocr.o)
                0x08009268                _calloc_r
 .text._close_r
                0x080092c8       0x24 c:/ac6/systemworkbench/plugins/fr.ac6.mcu.externaltools.arm-none.win32_1.3.0.201507241045/tools/compiler/bin/../lib/gcc/arm-none-eabi/4.9.3/../../../../arm-none-eabi/lib/armv7e-m/fpu\libc.a(lib_a-closer.o)
                0x080092c8                _close_r
 .text._fclose_r
                0x080092ec       0x84 c:/ac6/systemworkbench/plugins/fr.ac6.mcu.externaltools.arm-none.win32_1.3.0.201507241045/tools/compiler/bin/../lib/gcc/arm-none-eabi/4.9.3/../../../../arm-none-eabi/lib/armv7e-m/fpu\libc.a(lib_a-fclose.o)
                0x080092ec                _fclose_r
 .text.__fputwc
                0x08009370       0xb0 c:/ac6/systemworkbench/plugins/fr.ac6.mcu.externaltools.arm-none.win32_1.3.0.201507241045/tools/compiler/bin/../lib/gcc/arm-none-eabi/4.9.3/../../../../arm-none-eabi/lib/armv7e-m/fpu\libc.a(lib_a-fputwc.o)
                0x08009370                __fputwc
 .text._fputwc_r
                0x08009420       0x24 c:/ac6/systemworkbench/plugins/fr.ac6.mcu.externaltools.arm-none.win32_1.3.0.201507241045/tools/compiler/bin/../lib/gcc/arm-none-eabi/4.9.3/../../../../arm-none-eabi/lib/armv7e-m/fpu\libc.a(lib_a-fputwc.o)
                0x08009420                _fputwc_r
 .text._fstat_r
                0x08009444       0x28 c:/ac6/systemworkbench/plugins/fr.ac6.mcu.externaltools.arm-none.win32_1.3.0.201507241045/tools/compiler/bin/../lib/gcc/arm-none-eabi/4.9.3/../../../../arm-none-eabi/lib/armv7e-m/fpu\libc.a(lib_a-fstatr.o)
                0x08009444                _fstat_r
 .text._isatty_r
                0x0800946c       0x24 c:/ac6/systemworkbench/plugins/fr.ac6.mcu.externaltools.arm-none.win32_1.3.0.201507241045/tools/compiler/bin/../lib/gcc/arm-none-eabi/4.9.3/../../../../arm-none-eabi/lib/armv7e-m/fpu\libc.a(lib_a-isattyr.o)
                0x0800946c                _isatty_r
 .text._lseek_r
                0x08009490       0x28 c:/ac6/systemworkbench/plugins/fr.ac6.mcu.externaltools.arm-none.win32_1.3.0.201507241045/tools/compiler/bin/../lib/gcc/arm-none-eabi/4.9.3/../../../../arm-none-eabi/lib/armv7e-m/fpu\libc.a(lib_a-lseekr.o)
                0x08009490                _lseek_r
 .text._read_r  0x080094b8       0x28 c:/ac6/systemworkbench/plugins/fr.ac6.mcu.externaltools.arm-none.win32_1.3.0.201507241045/tools/compiler/bin/../lib/gcc/arm-none-eabi/4.9.3/../../../../arm-none-eabi/lib/armv7e-m/fpu\libc.a(lib_a-readr.o)
                0x080094b8                _read_r
 .text.__swbuf_r
                0x080094e0       0xa8 c:/ac6/systemworkbench/plugins/fr.ac6.mcu.externaltools.arm-none.win32_1.3.0.201507241045/tools/compiler/bin/../lib/gcc/arm-none-eabi/4.9.3/../../../../arm-none-eabi/lib/armv7e-m/fpu\libc.a(lib_a-wbuf.o)
                0x080094e0                __swbuf_r
 .text._wcrtomb_r
                0x08009588       0x54 c:/ac6/systemworkbench/plugins/fr.ac6.mcu.externaltools.arm-none.win32_1.3.0.201507241045/tools/compiler/bin/../lib/gcc/arm-none-eabi/4.9.3/../../../../arm-none-eabi/lib/armv7e-m/fpu\libc.a(lib_a-wcrtomb.o)
                0x08009588                _wcrtomb_r
 .text.__ascii_wctomb
                0x080095dc       0x1c c:/ac6/systemworkbench/plugins/fr.ac6.mcu.externaltools.arm-none.win32_1.3.0.201507241045/tools/compiler/bin/../lib/gcc/arm-none-eabi/4.9.3/../../../../arm-none-eabi/lib/armv7e-m/fpu\libc.a(lib_a-wctomb_r.o)
                0x080095dc                __ascii_wctomb
 *(.rodata)
 .rodata        0x080095f8       0x10 src/RadarControl.o
 .rodata        0x08009608       0x38 src/main.o
 .rodata        0x08009640        0x8 C:\develop\RCU_FW_Test2\stm32f4discovery_hal_lib\Debug\libstm32f4discovery_hal_lib.a(stm32f4xx_hal_dma.o)
 .rodata        0x08009648       0x10 C:\develop\RCU_FW_Test2\stm32f4discovery_hal_lib\Debug\libstm32f4discovery_hal_lib.a(stm32f4xx_hal_rcc.o)
                0x08009648                APBAHBPrescTable
 *(.rodata*)
 .rodata.str1.4
                0x08009658        0x2 c:/ac6/systemworkbench/plugins/fr.ac6.mcu.externaltools.arm-none.win32_1.3.0.201507241045/tools/compiler/bin/../lib/gcc/arm-none-eabi/4.9.3/../../../../arm-none-eabi/lib/armv7e-m/fpu\libc.a(lib_a-impure.o)
                                  0x4 (size before relaxing)
 *fill*         0x0800965a        0x2 
 .rodata._global_impure_ptr
                0x0800965c        0x4 c:/ac6/systemworkbench/plugins/fr.ac6.mcu.externaltools.arm-none.win32_1.3.0.201507241045/tools/compiler/bin/../lib/gcc/arm-none-eabi/4.9.3/../../../../arm-none-eabi/lib/armv7e-m/fpu\libc.a(lib_a-impure.o)
                0x0800965c                _global_impure_ptr
 .rodata.str1.4
                0x08009660        0x2 c:/ac6/systemworkbench/plugins/fr.ac6.mcu.externaltools.arm-none.win32_1.3.0.201507241045/tools/compiler/bin/../lib/gcc/arm-none-eabi/4.9.3/../../../../arm-none-eabi/lib/armv7e-m/fpu\libc.a(lib_a-puts.o)
                                  0x4 (size before relaxing)
 *fill*         0x08009662        0x2 
 .rodata.zeroes.6931
                0x08009664       0x10 c:/ac6/systemworkbench/plugins/fr.ac6.mcu.externaltools.arm-none.win32_1.3.0.201507241045/tools/compiler/bin/../lib/gcc/arm-none-eabi/4.9.3/../../../../arm-none-eabi/lib/armv7e-m/fpu\libc.a(lib_a-vfprintf.o)
 .rodata.str1.4
                0x08009674       0x42 c:/ac6/systemworkbench/plugins/fr.ac6.mcu.externaltools.arm-none.win32_1.3.0.201507241045/tools/compiler/bin/../lib/gcc/arm-none-eabi/4.9.3/../../../../arm-none-eabi/lib/armv7e-m/fpu\libc.a(lib_a-vfprintf.o)
                                 0x44 (size before relaxing)
 *fill*         0x080096b6        0x2 
 .rodata.blanks.6930
                0x080096b8       0x10 c:/ac6/systemworkbench/plugins/fr.ac6.mcu.externaltools.arm-none.win32_1.3.0.201507241045/tools/compiler/bin/../lib/gcc/arm-none-eabi/4.9.3/../../../../arm-none-eabi/lib/armv7e-m/fpu\libc.a(lib_a-vfprintf.o)
 .rodata.str1.4
                0x080096c8       0x10 c:/ac6/systemworkbench/plugins/fr.ac6.mcu.externaltools.arm-none.win32_1.3.0.201507241045/tools/compiler/bin/../lib/gcc/arm-none-eabi/4.9.3/../../../../arm-none-eabi/lib/armv7e-m/fpu\libc.a(lib_a-dtoa.o)
                                 0x14 (size before relaxing)
 .rodata.str1.4
                0x080096d8        0xc c:/ac6/systemworkbench/plugins/fr.ac6.mcu.externaltools.arm-none.win32_1.3.0.201507241045/tools/compiler/bin/../lib/gcc/arm-none-eabi/4.9.3/../../../../arm-none-eabi/lib/armv7e-m/fpu\libc.a(lib_a-locale.o)
                                 0x14 (size before relaxing)
 .rodata.p05.5296
                0x080096e4        0xc c:/ac6/systemworkbench/plugins/fr.ac6.mcu.externaltools.arm-none.win32_1.3.0.201507241045/tools/compiler/bin/../lib/gcc/arm-none-eabi/4.9.3/../../../../arm-none-eabi/lib/armv7e-m/fpu\libc.a(lib_a-mprec.o)
 .rodata.__mprec_tens
                0x080096f0       0xc8 c:/ac6/systemworkbench/plugins/fr.ac6.mcu.externaltools.arm-none.win32_1.3.0.201507241045/tools/compiler/bin/../lib/gcc/arm-none-eabi/4.9.3/../../../../arm-none-eabi/lib/armv7e-m/fpu\libc.a(lib_a-mprec.o)
                0x080096f0                __mprec_tens
 .rodata.__mprec_bigtens
                0x080097b8       0x28 c:/ac6/systemworkbench/plugins/fr.ac6.mcu.externaltools.arm-none.win32_1.3.0.201507241045/tools/compiler/bin/../lib/gcc/arm-none-eabi/4.9.3/../../../../arm-none-eabi/lib/armv7e-m/fpu\libc.a(lib_a-mprec.o)
                0x080097b8                __mprec_bigtens
 *(.glue_7)
 .glue_7        0x00000000        0x0 linker stubs
 *(.glue_7t)
 .glue_7t       0x00000000        0x0 linker stubs
 *(.eh_frame)
 .eh_frame      0x080097e0        0x0 c:/ac6/systemworkbench/plugins/fr.ac6.mcu.externaltools.arm-none.win32_1.3.0.201507241045/tools/compiler/bin/../lib/gcc/arm-none-eabi/4.9.3/armv7e-m/fpu/crtbegin.o
 *(.init)
 .init          0x080097e0        0x4 c:/ac6/systemworkbench/plugins/fr.ac6.mcu.externaltools.arm-none.win32_1.3.0.201507241045/tools/compiler/bin/../lib/gcc/arm-none-eabi/4.9.3/armv7e-m/fpu/crti.o
                0x080097e0                _init
 .init          0x080097e4        0x8 c:/ac6/systemworkbench/plugins/fr.ac6.mcu.externaltools.arm-none.win32_1.3.0.201507241045/tools/compiler/bin/../lib/gcc/arm-none-eabi/4.9.3/armv7e-m/fpu/crtn.o
 *(.fini)
 .fini          0x080097ec        0x4 c:/ac6/systemworkbench/plugins/fr.ac6.mcu.externaltools.arm-none.win32_1.3.0.201507241045/tools/compiler/bin/../lib/gcc/arm-none-eabi/4.9.3/armv7e-m/fpu/crti.o
                0x080097ec                _fini
 .fini          0x080097f0        0x8 c:/ac6/systemworkbench/plugins/fr.ac6.mcu.externaltools.arm-none.win32_1.3.0.201507241045/tools/compiler/bin/../lib/gcc/arm-none-eabi/4.9.3/armv7e-m/fpu/crtn.o
                0x080097f8                . = ALIGN (0x4)
                0x080097f8                _etext = .

.vfp11_veneer   0x080097f8        0x0
 .vfp11_veneer  0x00000000        0x0 linker stubs

.v4_bx          0x080097f8        0x0
 .v4_bx         0x00000000        0x0 linker stubs

.iplt           0x080097f8        0x0
 .iplt          0x00000000        0x0 c:/ac6/systemworkbench/plugins/fr.ac6.mcu.externaltools.arm-none.win32_1.3.0.201507241045/tools/compiler/bin/../lib/gcc/arm-none-eabi/4.9.3/armv7e-m/fpu/crtbegin.o

.ARM.extab
 *(.ARM.extab* .gnu.linkonce.armextab.*)

.ARM            0x080097f8        0x8
                0x080097f8                __exidx_start = .
 *(.ARM.exidx*)
 .ARM.exidx     0x080097f8        0x8 c:/ac6/systemworkbench/plugins/fr.ac6.mcu.externaltools.arm-none.win32_1.3.0.201507241045/tools/compiler/bin/../lib/gcc/arm-none-eabi/4.9.3/armv7e-m/fpu\libgcc.a(_divdi3.o)
 .ARM.exidx     0x08009800        0x0 c:/ac6/systemworkbench/plugins/fr.ac6.mcu.externaltools.arm-none.win32_1.3.0.201507241045/tools/compiler/bin/../lib/gcc/arm-none-eabi/4.9.3/armv7e-m/fpu\libgcc.a(_udivdi3.o)
                                  0x8 (size before relaxing)
                0x08009800                __exidx_end = .

.rel.dyn        0x08009800        0x0
 .rel.iplt      0x00000000        0x0 c:/ac6/systemworkbench/plugins/fr.ac6.mcu.externaltools.arm-none.win32_1.3.0.201507241045/tools/compiler/bin/../lib/gcc/arm-none-eabi/4.9.3/armv7e-m/fpu/crtbegin.o

.preinit_array  0x08009800        0x0
                0x08009800                PROVIDE (__preinit_array_start, .)
 *(.preinit_array*)
                0x08009800                PROVIDE (__preinit_array_end, .)

.init_array     0x08009800        0x8
                0x08009800                PROVIDE (__init_array_start, .)
 *(SORT(.init_array.*))
 .init_array.00000
                0x08009800        0x4 c:/ac6/systemworkbench/plugins/fr.ac6.mcu.externaltools.arm-none.win32_1.3.0.201507241045/tools/compiler/bin/../lib/gcc/arm-none-eabi/4.9.3/../../../../arm-none-eabi/lib/armv7e-m/fpu\libc.a(lib_a-__call_atexit.o)
 *(.init_array*)
 .init_array    0x08009804        0x4 c:/ac6/systemworkbench/plugins/fr.ac6.mcu.externaltools.arm-none.win32_1.3.0.201507241045/tools/compiler/bin/../lib/gcc/arm-none-eabi/4.9.3/armv7e-m/fpu/crtbegin.o
                0x08009808                PROVIDE (__init_array_end, .)

.fini_array     0x08009808        0x4
                0x08009808                PROVIDE (__fini_array_start, .)
 *(.fini_array*)
 .fini_array    0x08009808        0x4 c:/ac6/systemworkbench/plugins/fr.ac6.mcu.externaltools.arm-none.win32_1.3.0.201507241045/tools/compiler/bin/../lib/gcc/arm-none-eabi/4.9.3/armv7e-m/fpu/crtbegin.o
 *(SORT(.fini_array.*))
                0x0800980c                PROVIDE (__fini_array_end, .)
                0x0800980c                _sidata = .

.data           0x20000000      0x8b4 load address 0x0800980c
                0x20000000                . = ALIGN (0x4)
                0x20000000                _sdata = .
 *(.data)
 .data          0x20000000       0x14 src/system_stm32f4xx.o
                0x20000000                SystemCoreClock
                0x20000004                AHBPrescTable
 *(.data*)
 *fill*         0x20000014        0x4 
 .data.impure_data
                0x20000018      0x428 c:/ac6/systemworkbench/plugins/fr.ac6.mcu.externaltools.arm-none.win32_1.3.0.201507241045/tools/compiler/bin/../lib/gcc/arm-none-eabi/4.9.3/../../../../arm-none-eabi/lib/armv7e-m/fpu\libc.a(lib_a-impure.o)
 .data._impure_ptr
                0x20000440        0x4 c:/ac6/systemworkbench/plugins/fr.ac6.mcu.externaltools.arm-none.win32_1.3.0.201507241045/tools/compiler/bin/../lib/gcc/arm-none-eabi/4.9.3/../../../../arm-none-eabi/lib/armv7e-m/fpu\libc.a(lib_a-impure.o)
                0x20000440                _impure_ptr
 .data.lconv    0x20000444       0x38 c:/ac6/systemworkbench/plugins/fr.ac6.mcu.externaltools.arm-none.win32_1.3.0.201507241045/tools/compiler/bin/../lib/gcc/arm-none-eabi/4.9.3/../../../../arm-none-eabi/lib/armv7e-m/fpu\libc.a(lib_a-locale.o)
 .data.lc_ctype_charset
                0x2000047c       0x20 c:/ac6/systemworkbench/plugins/fr.ac6.mcu.externaltools.arm-none.win32_1.3.0.201507241045/tools/compiler/bin/../lib/gcc/arm-none-eabi/4.9.3/../../../../arm-none-eabi/lib/armv7e-m/fpu\libc.a(lib_a-locale.o)
 .data.__mb_cur_max
                0x2000049c        0x4 c:/ac6/systemworkbench/plugins/fr.ac6.mcu.externaltools.arm-none.win32_1.3.0.201507241045/tools/compiler/bin/../lib/gcc/arm-none-eabi/4.9.3/../../../../arm-none-eabi/lib/armv7e-m/fpu\libc.a(lib_a-locale.o)
                0x2000049c                __mb_cur_max
 .data.__malloc_av_
                0x200004a0      0x408 c:/ac6/systemworkbench/plugins/fr.ac6.mcu.externaltools.arm-none.win32_1.3.0.201507241045/tools/compiler/bin/../lib/gcc/arm-none-eabi/4.9.3/../../../../arm-none-eabi/lib/armv7e-m/fpu\libc.a(lib_a-mallocr.o)
                0x200004a0                __malloc_av_
 .data.__malloc_trim_threshold
                0x200008a8        0x4 c:/ac6/systemworkbench/plugins/fr.ac6.mcu.externaltools.arm-none.win32_1.3.0.201507241045/tools/compiler/bin/../lib/gcc/arm-none-eabi/4.9.3/../../../../arm-none-eabi/lib/armv7e-m/fpu\libc.a(lib_a-mallocr.o)
                0x200008a8                __malloc_trim_threshold
 .data.__malloc_sbrk_base
                0x200008ac        0x4 c:/ac6/systemworkbench/plugins/fr.ac6.mcu.externaltools.arm-none.win32_1.3.0.201507241045/tools/compiler/bin/../lib/gcc/arm-none-eabi/4.9.3/../../../../arm-none-eabi/lib/armv7e-m/fpu\libc.a(lib_a-mallocr.o)
                0x200008ac                __malloc_sbrk_base
 .data.__wctomb
                0x200008b0        0x4 c:/ac6/systemworkbench/plugins/fr.ac6.mcu.externaltools.arm-none.win32_1.3.0.201507241045/tools/compiler/bin/../lib/gcc/arm-none-eabi/4.9.3/../../../../arm-none-eabi/lib/armv7e-m/fpu\libc.a(lib_a-wctomb_r.o)
                0x200008b0                __wctomb
                0x200008b4                . = ALIGN (0x4)
                0x200008b4                _edata = .

.jcr            0x200008b4        0x0 load address 0x0800a0c0
 .jcr           0x200008b4        0x0 c:/ac6/systemworkbench/plugins/fr.ac6.mcu.externaltools.arm-none.win32_1.3.0.201507241045/tools/compiler/bin/../lib/gcc/arm-none-eabi/4.9.3/armv7e-m/fpu/crtbegin.o

.igot.plt       0x200008b4        0x0 load address 0x0800a0c0
 .igot.plt      0x00000000        0x0 c:/ac6/systemworkbench/plugins/fr.ac6.mcu.externaltools.arm-none.win32_1.3.0.201507241045/tools/compiler/bin/../lib/gcc/arm-none-eabi/4.9.3/armv7e-m/fpu/crtbegin.o
                0x200008b4                . = ALIGN (0x4)

.bss            0x200008b4     0x2340 load address 0x0800a0c0
                0x200008b4                _sbss = .
                0x200008b4                __bss_start__ = _sbss
 *(.bss)
 .bss           0x200008b4       0x1c c:/ac6/systemworkbench/plugins/fr.ac6.mcu.externaltools.arm-none.win32_1.3.0.201507241045/tools/compiler/bin/../lib/gcc/arm-none-eabi/4.9.3/armv7e-m/fpu/crtbegin.o
 .bss           0x200008d0        0x8 src/syscalls.o
                0x200008d0                __env
 .bss           0x200008d8        0x4 C:\develop\RCU_FW_Test2\stm32f4discovery_hal_lib\Debug\libstm32f4discovery_hal_lib.a(stm32f4xx_hal.o)
 *(.bss*)
 .bss.__malloc_max_total_mem
                0x200008dc        0x4 c:/ac6/systemworkbench/plugins/fr.ac6.mcu.externaltools.arm-none.win32_1.3.0.201507241045/tools/compiler/bin/../lib/gcc/arm-none-eabi/4.9.3/../../../../arm-none-eabi/lib/armv7e-m/fpu\libc.a(lib_a-mallocr.o)
                0x200008dc                __malloc_max_total_mem
 .bss.__malloc_max_sbrked_mem
                0x200008e0        0x4 c:/ac6/systemworkbench/plugins/fr.ac6.mcu.externaltools.arm-none.win32_1.3.0.201507241045/tools/compiler/bin/../lib/gcc/arm-none-eabi/4.9.3/../../../../arm-none-eabi/lib/armv7e-m/fpu\libc.a(lib_a-mallocr.o)
                0x200008e0                __malloc_max_sbrked_mem
 .bss.__malloc_top_pad
                0x200008e4        0x4 c:/ac6/systemworkbench/plugins/fr.ac6.mcu.externaltools.arm-none.win32_1.3.0.201507241045/tools/compiler/bin/../lib/gcc/arm-none-eabi/4.9.3/../../../../arm-none-eabi/lib/armv7e-m/fpu\libc.a(lib_a-mallocr.o)
                0x200008e4                __malloc_top_pad
 .bss.__malloc_current_mallinfo
                0x200008e8       0x28 c:/ac6/systemworkbench/plugins/fr.ac6.mcu.externaltools.arm-none.win32_1.3.0.201507241045/tools/compiler/bin/../lib/gcc/arm-none-eabi/4.9.3/../../../../arm-none-eabi/lib/armv7e-m/fpu\libc.a(lib_a-mallocr.o)
                0x200008e8                __malloc_current_mallinfo
 *(COMMON)
 COMMON         0x20000910      0x138 src/adc.o
                0x20000910                hadc2
                0x20000954                hadc1
                0x20000998                hdma_adc1
                0x200009f0                hdma_adc2
 COMMON         0x20000a48       0x6c src/dac.o
                0x20000a48                hdma_dac1
                0x20000aa0                hdac
 COMMON         0x20000ab4       0x78 src/i2c.o
                0x20000ab4                hi2c1
                0x20000af0                hi2c2
 COMMON         0x20000b2c     0x2000 src/main.o
                0x20000b2c                ADC2Buffer
                0x20001b2c                ADC1Buffer
 COMMON         0x20002b2c        0xc src/rng.o
                0x20002b2c                hrng
 COMMON         0x20002b38       0x78 src/tim.o
                0x20002b38                htim6
                0x20002b74                htim1
 COMMON         0x20002bb0       0x40 src/usart.o
                0x20002bb0                huart1
 COMMON         0x20002bf0        0x4 c:/ac6/systemworkbench/plugins/fr.ac6.mcu.externaltools.arm-none.win32_1.3.0.201507241045/tools/compiler/bin/../lib/gcc/arm-none-eabi/4.9.3/../../../../arm-none-eabi/lib/armv7e-m/fpu\libc.a(lib_a-reent.o)
                0x20002bf0                errno
                0x20002bf4                . = ALIGN (0x4)
                0x20002bf4                _ebss = .
                0x20002bf4                __bss_end__ = _ebss

._user_heap_stack
                0x20002bf4      0x404 load address 0x0800c400
                0x20002bf8                . = ALIGN (0x8)
 *fill*         0x20002bf4        0x4 
                0x20002bf8                PROVIDE (end, .)
                0x20002bf8                PROVIDE (_end, .)
                0x20002bf8                . = (. + _Min_Heap_Size)
                0x20002ff8                . = (. + _Min_Stack_Size)
 *fill*         0x20002bf8      0x400 
                0x20002ff8                . = ALIGN (0x8)

.memory_b1_text
 *(.mb1text)
 *(.mb1text*)
 *(.mb1rodata)
 *(.mb1rodata*)

/DISCARD/
 libc.a(*)
 libm.a(*)
 libgcc.a(*)

.ARM.attributes
                0x00000000       0x30
 *(.ARM.attributes)
 .ARM.attributes
                0x00000000       0x22 c:/ac6/systemworkbench/plugins/fr.ac6.mcu.externaltools.arm-none.win32_1.3.0.201507241045/tools/compiler/bin/../lib/gcc/arm-none-eabi/4.9.3/armv7e-m/fpu/crti.o
 .ARM.attributes
                0x00000022       0x34 c:/ac6/systemworkbench/plugins/fr.ac6.mcu.externaltools.arm-none.win32_1.3.0.201507241045/tools/compiler/bin/../lib/gcc/arm-none-eabi/4.9.3/armv7e-m/fpu/crtbegin.o
 .ARM.attributes
                0x00000056       0x21 startup/startup_stm32f407xx.o
 .ARM.attributes
                0x00000077       0x39 src/RadarControl.o
 .ARM.attributes
                0x000000b0       0x39 src/adc.o
 .ARM.attributes
                0x000000e9       0x39 src/dac.o
 .ARM.attributes
                0x00000122       0x39 src/dma.o
 .ARM.attributes
                0x0000015b       0x39 src/gpio.o
 .ARM.attributes
                0x00000194       0x39 src/i2c.o
 .ARM.attributes
                0x000001cd       0x39 src/main.o
 .ARM.attributes
                0x00000206       0x39 src/rng.o
 .ARM.attributes
                0x0000023f       0x39 src/stm32f4xx_hal_msp.o
 .ARM.attributes
                0x00000278       0x39 src/stm32f4xx_it.o
 .ARM.attributes
                0x000002b1       0x39 src/syscalls.o
 .ARM.attributes
                0x000002ea       0x39 src/system_stm32f4xx.o
 .ARM.attributes
                0x00000323       0x39 src/tim.o
 .ARM.attributes
                0x0000035c       0x39 src/usart.o
 .ARM.attributes
                0x00000395       0x39 C:\develop\RCU_FW_Test2\stm32f4discovery_hal_lib\Debug\libstm32f4discovery_hal_lib.a(stm32f4xx_hal.o)
 .ARM.attributes
                0x000003ce       0x39 C:\develop\RCU_FW_Test2\stm32f4discovery_hal_lib\Debug\libstm32f4discovery_hal_lib.a(stm32f4xx_hal_adc.o)
 .ARM.attributes
                0x00000407       0x39 C:\develop\RCU_FW_Test2\stm32f4discovery_hal_lib\Debug\libstm32f4discovery_hal_lib.a(stm32f4xx_hal_cortex.o)
 .ARM.attributes
                0x00000440       0x39 C:\develop\RCU_FW_Test2\stm32f4discovery_hal_lib\Debug\libstm32f4discovery_hal_lib.a(stm32f4xx_hal_dac.o)
 .ARM.attributes
                0x00000479       0x39 C:\develop\RCU_FW_Test2\stm32f4discovery_hal_lib\Debug\libstm32f4discovery_hal_lib.a(stm32f4xx_hal_dac_ex.o)
 .ARM.attributes
                0x000004b2       0x39 C:\develop\RCU_FW_Test2\stm32f4discovery_hal_lib\Debug\libstm32f4discovery_hal_lib.a(stm32f4xx_hal_dma.o)
 .ARM.attributes
                0x000004eb       0x39 C:\develop\RCU_FW_Test2\stm32f4discovery_hal_lib\Debug\libstm32f4discovery_hal_lib.a(stm32f4xx_hal_gpio.o)
 .ARM.attributes
                0x00000524       0x39 C:\develop\RCU_FW_Test2\stm32f4discovery_hal_lib\Debug\libstm32f4discovery_hal_lib.a(stm32f4xx_hal_i2c.o)
 .ARM.attributes
                0x0000055d       0x39 C:\develop\RCU_FW_Test2\stm32f4discovery_hal_lib\Debug\libstm32f4discovery_hal_lib.a(stm32f4xx_hal_rcc.o)
 .ARM.attributes
                0x00000596       0x39 C:\develop\RCU_FW_Test2\stm32f4discovery_hal_lib\Debug\libstm32f4discovery_hal_lib.a(stm32f4xx_hal_rng.o)
 .ARM.attributes
                0x000005cf       0x39 C:\develop\RCU_FW_Test2\stm32f4discovery_hal_lib\Debug\libstm32f4discovery_hal_lib.a(stm32f4xx_hal_tim.o)
 .ARM.attributes
                0x00000608       0x39 C:\develop\RCU_FW_Test2\stm32f4discovery_hal_lib\Debug\libstm32f4discovery_hal_lib.a(stm32f4xx_hal_tim_ex.o)
 .ARM.attributes
                0x00000641       0x39 C:\develop\RCU_FW_Test2\stm32f4discovery_hal_lib\Debug\libstm32f4discovery_hal_lib.a(stm32f4xx_hal_uart.o)
 .ARM.attributes
                0x0000067a       0x34 c:/ac6/systemworkbench/plugins/fr.ac6.mcu.externaltools.arm-none.win32_1.3.0.201507241045/tools/compiler/bin/../lib/gcc/arm-none-eabi/4.9.3/../../../../arm-none-eabi/lib/armv7e-m/fpu\libc.a(lib_a-errno.o)
 .ARM.attributes
                0x000006ae       0x34 c:/ac6/systemworkbench/plugins/fr.ac6.mcu.externaltools.arm-none.win32_1.3.0.201507241045/tools/compiler/bin/../lib/gcc/arm-none-eabi/4.9.3/../../../../arm-none-eabi/lib/armv7e-m/fpu\libc.a(lib_a-impure.o)
 .ARM.attributes
                0x000006e2       0x34 c:/ac6/systemworkbench/plugins/fr.ac6.mcu.externaltools.arm-none.win32_1.3.0.201507241045/tools/compiler/bin/../lib/gcc/arm-none-eabi/4.9.3/../../../../arm-none-eabi/lib/armv7e-m/fpu\libc.a(lib_a-init.o)
 .ARM.attributes
                0x00000716       0x34 c:/ac6/systemworkbench/plugins/fr.ac6.mcu.externaltools.arm-none.win32_1.3.0.201507241045/tools/compiler/bin/../lib/gcc/arm-none-eabi/4.9.3/../../../../arm-none-eabi/lib/armv7e-m/fpu\libc.a(lib_a-memset.o)
 .ARM.attributes
                0x0000074a       0x34 c:/ac6/systemworkbench/plugins/fr.ac6.mcu.externaltools.arm-none.win32_1.3.0.201507241045/tools/compiler/bin/../lib/gcc/arm-none-eabi/4.9.3/../../../../arm-none-eabi/lib/armv7e-m/fpu\libc.a(lib_a-printf.o)
 .ARM.attributes
                0x0000077e       0x34 c:/ac6/systemworkbench/plugins/fr.ac6.mcu.externaltools.arm-none.win32_1.3.0.201507241045/tools/compiler/bin/../lib/gcc/arm-none-eabi/4.9.3/../../../../arm-none-eabi/lib/armv7e-m/fpu\libc.a(lib_a-puts.o)
 .ARM.attributes
                0x000007b2       0x34 c:/ac6/systemworkbench/plugins/fr.ac6.mcu.externaltools.arm-none.win32_1.3.0.201507241045/tools/compiler/bin/../lib/gcc/arm-none-eabi/4.9.3/../../../../arm-none-eabi/lib/armv7e-m/fpu\libc.a(lib_a-strlen.o)
 .ARM.attributes
                0x000007e6       0x34 c:/ac6/systemworkbench/plugins/fr.ac6.mcu.externaltools.arm-none.win32_1.3.0.201507241045/tools/compiler/bin/../lib/gcc/arm-none-eabi/4.9.3/../../../../arm-none-eabi/lib/armv7e-m/fpu\libc.a(lib_a-vfprintf.o)
 .ARM.attributes
                0x0000081a       0x34 c:/ac6/systemworkbench/plugins/fr.ac6.mcu.externaltools.arm-none.win32_1.3.0.201507241045/tools/compiler/bin/../lib/gcc/arm-none-eabi/4.9.3/../../../../arm-none-eabi/lib/armv7e-m/fpu\libc.a(lib_a-wsetup.o)
 .ARM.attributes
                0x0000084e       0x34 c:/ac6/systemworkbench/plugins/fr.ac6.mcu.externaltools.arm-none.win32_1.3.0.201507241045/tools/compiler/bin/../lib/gcc/arm-none-eabi/4.9.3/../../../../arm-none-eabi/lib/armv7e-m/fpu\libc.a(lib_a-__call_atexit.o)
 .ARM.attributes
                0x00000882       0x34 c:/ac6/systemworkbench/plugins/fr.ac6.mcu.externaltools.arm-none.win32_1.3.0.201507241045/tools/compiler/bin/../lib/gcc/arm-none-eabi/4.9.3/../../../../arm-none-eabi/lib/armv7e-m/fpu\libc.a(lib_a-atexit.o)
 .ARM.attributes
                0x000008b6       0x34 c:/ac6/systemworkbench/plugins/fr.ac6.mcu.externaltools.arm-none.win32_1.3.0.201507241045/tools/compiler/bin/../lib/gcc/arm-none-eabi/4.9.3/../../../../arm-none-eabi/lib/armv7e-m/fpu\libc.a(lib_a-dtoa.o)
 .ARM.attributes
                0x000008ea       0x34 c:/ac6/systemworkbench/plugins/fr.ac6.mcu.externaltools.arm-none.win32_1.3.0.201507241045/tools/compiler/bin/../lib/gcc/arm-none-eabi/4.9.3/../../../../arm-none-eabi/lib/armv7e-m/fpu\libc.a(lib_a-fflush.o)
 .ARM.attributes
                0x0000091e       0x34 c:/ac6/systemworkbench/plugins/fr.ac6.mcu.externaltools.arm-none.win32_1.3.0.201507241045/tools/compiler/bin/../lib/gcc/arm-none-eabi/4.9.3/../../../../arm-none-eabi/lib/armv7e-m/fpu\libc.a(lib_a-findfp.o)
 .ARM.attributes
                0x00000952       0x34 c:/ac6/systemworkbench/plugins/fr.ac6.mcu.externaltools.arm-none.win32_1.3.0.201507241045/tools/compiler/bin/../lib/gcc/arm-none-eabi/4.9.3/../../../../arm-none-eabi/lib/armv7e-m/fpu\libc.a(lib_a-fini.o)
 .ARM.attributes
                0x00000986       0x34 c:/ac6/systemworkbench/plugins/fr.ac6.mcu.externaltools.arm-none.win32_1.3.0.201507241045/tools/compiler/bin/../lib/gcc/arm-none-eabi/4.9.3/../../../../arm-none-eabi/lib/armv7e-m/fpu\libc.a(lib_a-freer.o)
 .ARM.attributes
                0x000009ba       0x34 c:/ac6/systemworkbench/plugins/fr.ac6.mcu.externaltools.arm-none.win32_1.3.0.201507241045/tools/compiler/bin/../lib/gcc/arm-none-eabi/4.9.3/../../../../arm-none-eabi/lib/armv7e-m/fpu\libc.a(lib_a-fvwrite.o)
 .ARM.attributes
                0x000009ee       0x34 c:/ac6/systemworkbench/plugins/fr.ac6.mcu.externaltools.arm-none.win32_1.3.0.201507241045/tools/compiler/bin/../lib/gcc/arm-none-eabi/4.9.3/../../../../arm-none-eabi/lib/armv7e-m/fpu\libc.a(lib_a-fwalk.o)
 .ARM.attributes
                0x00000a22       0x34 c:/ac6/systemworkbench/plugins/fr.ac6.mcu.externaltools.arm-none.win32_1.3.0.201507241045/tools/compiler/bin/../lib/gcc/arm-none-eabi/4.9.3/../../../../arm-none-eabi/lib/armv7e-m/fpu\libc.a(lib_a-locale.o)
 .ARM.attributes
                0x00000a56       0x34 c:/ac6/systemworkbench/plugins/fr.ac6.mcu.externaltools.arm-none.win32_1.3.0.201507241045/tools/compiler/bin/../lib/gcc/arm-none-eabi/4.9.3/../../../../arm-none-eabi/lib/armv7e-m/fpu\libc.a(lib_a-makebuf.o)
 .ARM.attributes
                0x00000a8a       0x34 c:/ac6/systemworkbench/plugins/fr.ac6.mcu.externaltools.arm-none.win32_1.3.0.201507241045/tools/compiler/bin/../lib/gcc/arm-none-eabi/4.9.3/../../../../arm-none-eabi/lib/armv7e-m/fpu\libc.a(lib_a-mallocr.o)
 .ARM.attributes
                0x00000abe       0x34 c:/ac6/systemworkbench/plugins/fr.ac6.mcu.externaltools.arm-none.win32_1.3.0.201507241045/tools/compiler/bin/../lib/gcc/arm-none-eabi/4.9.3/../../../../arm-none-eabi/lib/armv7e-m/fpu\libc.a(lib_a-memchr.o)
 .ARM.attributes
                0x00000af2       0x20 c:/ac6/systemworkbench/plugins/fr.ac6.mcu.externaltools.arm-none.win32_1.3.0.201507241045/tools/compiler/bin/../lib/gcc/arm-none-eabi/4.9.3/../../../../arm-none-eabi/lib/armv7e-m/fpu\libc.a(lib_a-memcpy.o)
 .ARM.attributes
                0x00000b12       0x34 c:/ac6/systemworkbench/plugins/fr.ac6.mcu.externaltools.arm-none.win32_1.3.0.201507241045/tools/compiler/bin/../lib/gcc/arm-none-eabi/4.9.3/../../../../arm-none-eabi/lib/armv7e-m/fpu\libc.a(lib_a-memmove.o)
 .ARM.attributes
                0x00000b46       0x34 c:/ac6/systemworkbench/plugins/fr.ac6.mcu.externaltools.arm-none.win32_1.3.0.201507241045/tools/compiler/bin/../lib/gcc/arm-none-eabi/4.9.3/../../../../arm-none-eabi/lib/armv7e-m/fpu\libc.a(lib_a-mlock.o)
 .ARM.attributes
                0x00000b7a       0x34 c:/ac6/systemworkbench/plugins/fr.ac6.mcu.externaltools.arm-none.win32_1.3.0.201507241045/tools/compiler/bin/../lib/gcc/arm-none-eabi/4.9.3/../../../../arm-none-eabi/lib/armv7e-m/fpu\libc.a(lib_a-mprec.o)
 .ARM.attributes
                0x00000bae       0x34 c:/ac6/systemworkbench/plugins/fr.ac6.mcu.externaltools.arm-none.win32_1.3.0.201507241045/tools/compiler/bin/../lib/gcc/arm-none-eabi/4.9.3/../../../../arm-none-eabi/lib/armv7e-m/fpu\libc.a(lib_a-reallocr.o)
 .ARM.attributes
                0x00000be2       0x34 c:/ac6/systemworkbench/plugins/fr.ac6.mcu.externaltools.arm-none.win32_1.3.0.201507241045/tools/compiler/bin/../lib/gcc/arm-none-eabi/4.9.3/../../../../arm-none-eabi/lib/armv7e-m/fpu\libc.a(lib_a-s_fpclassify.o)
 .ARM.attributes
                0x00000c16       0x34 c:/ac6/systemworkbench/plugins/fr.ac6.mcu.externaltools.arm-none.win32_1.3.0.201507241045/tools/compiler/bin/../lib/gcc/arm-none-eabi/4.9.3/../../../../arm-none-eabi/lib/armv7e-m/fpu\libc.a(lib_a-sbrkr.o)
 .ARM.attributes
                0x00000c4a       0x34 c:/ac6/systemworkbench/plugins/fr.ac6.mcu.externaltools.arm-none.win32_1.3.0.201507241045/tools/compiler/bin/../lib/gcc/arm-none-eabi/4.9.3/../../../../arm-none-eabi/lib/armv7e-m/fpu\libc.a(lib_a-stdio.o)
 .ARM.attributes
                0x00000c7e       0x34 c:/ac6/systemworkbench/plugins/fr.ac6.mcu.externaltools.arm-none.win32_1.3.0.201507241045/tools/compiler/bin/../lib/gcc/arm-none-eabi/4.9.3/../../../../arm-none-eabi/lib/armv7e-m/fpu\libc.a(lib_a-vfiprintf.o)
 .ARM.attributes
                0x00000cb2       0x34 c:/ac6/systemworkbench/plugins/fr.ac6.mcu.externaltools.arm-none.win32_1.3.0.201507241045/tools/compiler/bin/../lib/gcc/arm-none-eabi/4.9.3/../../../../arm-none-eabi/lib/armv7e-m/fpu\libc.a(lib_a-writer.o)
 .ARM.attributes
                0x00000ce6       0x34 c:/ac6/systemworkbench/plugins/fr.ac6.mcu.externaltools.arm-none.win32_1.3.0.201507241045/tools/compiler/bin/../lib/gcc/arm-none-eabi/4.9.3/../../../../arm-none-eabi/lib/armv7e-m/fpu\libc.a(lib_a-__atexit.o)
 .ARM.attributes
                0x00000d1a       0x34 c:/ac6/systemworkbench/plugins/fr.ac6.mcu.externaltools.arm-none.win32_1.3.0.201507241045/tools/compiler/bin/../lib/gcc/arm-none-eabi/4.9.3/../../../../arm-none-eabi/lib/armv7e-m/fpu\libc.a(lib_a-callocr.o)
 .ARM.attributes
                0x00000d4e       0x34 c:/ac6/systemworkbench/plugins/fr.ac6.mcu.externaltools.arm-none.win32_1.3.0.201507241045/tools/compiler/bin/../lib/gcc/arm-none-eabi/4.9.3/../../../../arm-none-eabi/lib/armv7e-m/fpu\libc.a(lib_a-closer.o)
 .ARM.attributes
                0x00000d82       0x34 c:/ac6/systemworkbench/plugins/fr.ac6.mcu.externaltools.arm-none.win32_1.3.0.201507241045/tools/compiler/bin/../lib/gcc/arm-none-eabi/4.9.3/../../../../arm-none-eabi/lib/armv7e-m/fpu\libc.a(lib_a-fclose.o)
 .ARM.attributes
                0x00000db6       0x34 c:/ac6/systemworkbench/plugins/fr.ac6.mcu.externaltools.arm-none.win32_1.3.0.201507241045/tools/compiler/bin/../lib/gcc/arm-none-eabi/4.9.3/../../../../arm-none-eabi/lib/armv7e-m/fpu\libc.a(lib_a-fputwc.o)
 .ARM.attributes
                0x00000dea       0x34 c:/ac6/systemworkbench/plugins/fr.ac6.mcu.externaltools.arm-none.win32_1.3.0.201507241045/tools/compiler/bin/../lib/gcc/arm-none-eabi/4.9.3/../../../../arm-none-eabi/lib/armv7e-m/fpu\libc.a(lib_a-fstatr.o)
 .ARM.attributes
                0x00000e1e       0x34 c:/ac6/systemworkbench/plugins/fr.ac6.mcu.externaltools.arm-none.win32_1.3.0.201507241045/tools/compiler/bin/../lib/gcc/arm-none-eabi/4.9.3/../../../../arm-none-eabi/lib/armv7e-m/fpu\libc.a(lib_a-isattyr.o)
 .ARM.attributes
                0x00000e52       0x34 c:/ac6/systemworkbench/plugins/fr.ac6.mcu.externaltools.arm-none.win32_1.3.0.201507241045/tools/compiler/bin/../lib/gcc/arm-none-eabi/4.9.3/../../../../arm-none-eabi/lib/armv7e-m/fpu\libc.a(lib_a-lseekr.o)
 .ARM.attributes
                0x00000e86       0x34 c:/ac6/systemworkbench/plugins/fr.ac6.mcu.externaltools.arm-none.win32_1.3.0.201507241045/tools/compiler/bin/../lib/gcc/arm-none-eabi/4.9.3/../../../../arm-none-eabi/lib/armv7e-m/fpu\libc.a(lib_a-readr.o)
 .ARM.attributes
                0x00000eba       0x34 c:/ac6/systemworkbench/plugins/fr.ac6.mcu.externaltools.arm-none.win32_1.3.0.201507241045/tools/compiler/bin/../lib/gcc/arm-none-eabi/4.9.3/../../../../arm-none-eabi/lib/armv7e-m/fpu\libc.a(lib_a-reent.o)
 .ARM.attributes
                0x00000eee       0x34 c:/ac6/systemworkbench/plugins/fr.ac6.mcu.externaltools.arm-none.win32_1.3.0.201507241045/tools/compiler/bin/../lib/gcc/arm-none-eabi/4.9.3/../../../../arm-none-eabi/lib/armv7e-m/fpu\libc.a(lib_a-wbuf.o)
 .ARM.attributes
                0x00000f22       0x34 c:/ac6/systemworkbench/plugins/fr.ac6.mcu.externaltools.arm-none.win32_1.3.0.201507241045/tools/compiler/bin/../lib/gcc/arm-none-eabi/4.9.3/../../../../arm-none-eabi/lib/armv7e-m/fpu\libc.a(lib_a-wcrtomb.o)
 .ARM.attributes
                0x00000f56       0x34 c:/ac6/systemworkbench/plugins/fr.ac6.mcu.externaltools.arm-none.win32_1.3.0.201507241045/tools/compiler/bin/../lib/gcc/arm-none-eabi/4.9.3/../../../../arm-none-eabi/lib/armv7e-m/fpu\libc.a(lib_a-wctomb_r.o)
 .ARM.attributes
                0x00000f8a       0x22 c:/ac6/systemworkbench/plugins/fr.ac6.mcu.externaltools.arm-none.win32_1.3.0.201507241045/tools/compiler/bin/../lib/gcc/arm-none-eabi/4.9.3/armv7e-m/fpu\libgcc.a(_arm_addsubdf3.o)
 .ARM.attributes
                0x00000fac       0x22 c:/ac6/systemworkbench/plugins/fr.ac6.mcu.externaltools.arm-none.win32_1.3.0.201507241045/tools/compiler/bin/../lib/gcc/arm-none-eabi/4.9.3/armv7e-m/fpu\libgcc.a(_arm_muldivdf3.o)
 .ARM.attributes
                0x00000fce       0x22 c:/ac6/systemworkbench/plugins/fr.ac6.mcu.externaltools.arm-none.win32_1.3.0.201507241045/tools/compiler/bin/../lib/gcc/arm-none-eabi/4.9.3/armv7e-m/fpu\libgcc.a(_arm_cmpdf2.o)
 .ARM.attributes
                0x00000ff0       0x22 c:/ac6/systemworkbench/plugins/fr.ac6.mcu.externaltools.arm-none.win32_1.3.0.201507241045/tools/compiler/bin/../lib/gcc/arm-none-eabi/4.9.3/armv7e-m/fpu\libgcc.a(_arm_fixdfsi.o)
 .ARM.attributes
                0x00001012       0x22 c:/ac6/systemworkbench/plugins/fr.ac6.mcu.externaltools.arm-none.win32_1.3.0.201507241045/tools/compiler/bin/../lib/gcc/arm-none-eabi/4.9.3/armv7e-m/fpu\libgcc.a(_aeabi_uldivmod.o)
 .ARM.attributes
                0x00001034       0x34 c:/ac6/systemworkbench/plugins/fr.ac6.mcu.externaltools.arm-none.win32_1.3.0.201507241045/tools/compiler/bin/../lib/gcc/arm-none-eabi/4.9.3/armv7e-m/fpu\libgcc.a(bpabi.o)
 .ARM.attributes
                0x00001068       0x22 c:/ac6/systemworkbench/plugins/fr.ac6.mcu.externaltools.arm-none.win32_1.3.0.201507241045/tools/compiler/bin/../lib/gcc/arm-none-eabi/4.9.3/armv7e-m/fpu\libgcc.a(_dvmd_tls.o)
 .ARM.attributes
                0x0000108a       0x34 c:/ac6/systemworkbench/plugins/fr.ac6.mcu.externaltools.arm-none.win32_1.3.0.201507241045/tools/compiler/bin/../lib/gcc/arm-none-eabi/4.9.3/armv7e-m/fpu\libgcc.a(_divdi3.o)
 .ARM.attributes
                0x000010be       0x34 c:/ac6/systemworkbench/plugins/fr.ac6.mcu.externaltools.arm-none.win32_1.3.0.201507241045/tools/compiler/bin/../lib/gcc/arm-none-eabi/4.9.3/armv7e-m/fpu\libgcc.a(_udivdi3.o)
 .ARM.attributes
                0x000010f2       0x22 c:/ac6/systemworkbench/plugins/fr.ac6.mcu.externaltools.arm-none.win32_1.3.0.201507241045/tools/compiler/bin/../lib/gcc/arm-none-eabi/4.9.3/armv7e-m/fpu/crtn.o
OUTPUT(RCU_FW.elf elf32-littlearm)

.debug_line     0x00000000    0x14ef0
 .debug_line    0x00000000       0x7f startup/startup_stm32f407xx.o
 .debug_line    0x0000007f      0xa7e src/RadarControl.o
 .debug_line    0x00000afd      0xabe src/adc.o
 .debug_line    0x000015bb      0xa7d src/dac.o
 .debug_line    0x00002038      0xa2e src/dma.o
 .debug_line    0x00002a66      0xa42 src/gpio.o
 .debug_line    0x000034a8      0xa91 src/i2c.o
 .debug_line    0x00003f39      0xb4f src/main.o
 .debug_line    0x00004a88      0xa4d src/rng.o
 .debug_line    0x000054d5      0xa0a src/stm32f4xx_hal_msp.o
 .debug_line    0x00005edf      0xa70 src/stm32f4xx_it.o
 .debug_line    0x0000694f      0x526 src/syscalls.o
 .debug_line    0x00006e75      0xa34 src/system_stm32f4xx.o
 .debug_line    0x000078a9      0xa98 src/tim.o
 .debug_line    0x00008341      0xa6c src/usart.o
 .debug_line    0x00008dad      0xbae C:\develop\RCU_FW_Test2\stm32f4discovery_hal_lib\Debug\libstm32f4discovery_hal_lib.a(stm32f4xx_hal.o)
 .debug_line    0x0000995b      0xdb0 C:\develop\RCU_FW_Test2\stm32f4discovery_hal_lib\Debug\libstm32f4discovery_hal_lib.a(stm32f4xx_hal_adc.o)
 .debug_line    0x0000a70b      0xce1 C:\develop\RCU_FW_Test2\stm32f4discovery_hal_lib\Debug\libstm32f4discovery_hal_lib.a(stm32f4xx_hal_cortex.o)
 .debug_line    0x0000b3ec      0xc5d C:\develop\RCU_FW_Test2\stm32f4discovery_hal_lib\Debug\libstm32f4discovery_hal_lib.a(stm32f4xx_hal_dac.o)
 .debug_line    0x0000c049      0xb24 C:\develop\RCU_FW_Test2\stm32f4discovery_hal_lib\Debug\libstm32f4discovery_hal_lib.a(stm32f4xx_hal_dac_ex.o)
 .debug_line    0x0000cb6d      0xbe7 C:\develop\RCU_FW_Test2\stm32f4discovery_hal_lib\Debug\libstm32f4discovery_hal_lib.a(stm32f4xx_hal_dma.o)
 .debug_line    0x0000d754      0xbfc C:\develop\RCU_FW_Test2\stm32f4discovery_hal_lib\Debug\libstm32f4discovery_hal_lib.a(stm32f4xx_hal_gpio.o)
 .debug_line    0x0000e350     0x16e2 C:\develop\RCU_FW_Test2\stm32f4discovery_hal_lib\Debug\libstm32f4discovery_hal_lib.a(stm32f4xx_hal_i2c.o)
 .debug_line    0x0000fa32      0xd3d C:\develop\RCU_FW_Test2\stm32f4discovery_hal_lib\Debug\libstm32f4discovery_hal_lib.a(stm32f4xx_hal_rcc.o)
 .debug_line    0x0001076f      0xb7a C:\develop\RCU_FW_Test2\stm32f4discovery_hal_lib\Debug\libstm32f4discovery_hal_lib.a(stm32f4xx_hal_rng.o)
 .debug_line    0x000112e9     0x1b9a C:\develop\RCU_FW_Test2\stm32f4discovery_hal_lib\Debug\libstm32f4discovery_hal_lib.a(stm32f4xx_hal_tim.o)
 .debug_line    0x00012e83      0xfc9 C:\develop\RCU_FW_Test2\stm32f4discovery_hal_lib\Debug\libstm32f4discovery_hal_lib.a(stm32f4xx_hal_tim_ex.o)
 .debug_line    0x00013e4c     0x10a4 C:\develop\RCU_FW_Test2\stm32f4discovery_hal_lib\Debug\libstm32f4discovery_hal_lib.a(stm32f4xx_hal_uart.o)

.debug_info     0x00000000    0x10af3
 .debug_info    0x00000000       0x6a startup/startup_stm32f407xx.o
 .debug_info    0x0000006a      0x763 src/RadarControl.o
 .debug_info    0x000007cd      0x9a1 src/adc.o
 .debug_info    0x0000116e      0x7fa src/dac.o
 .debug_info    0x00001968      0x4e5 src/dma.o
 .debug_info    0x00001e4d      0x429 src/gpio.o
 .debug_info    0x00002276      0x893 src/i2c.o
 .debug_info    0x00002b09     0x1024 src/main.o
 .debug_info    0x00003b2d      0x3ce src/rng.o
 .debug_info    0x00003efb      0x2fc src/stm32f4xx_hal_msp.o
 .debug_info    0x000041f7      0x36f src/stm32f4xx_it.o
 .debug_info    0x00004566      0x660 src/syscalls.o
 .debug_info    0x00004bc6      0x4a9 src/system_stm32f4xx.o
 .debug_info    0x0000506f      0xa88 src/tim.o
 .debug_info    0x00005af7      0x839 src/usart.o
 .debug_info    0x00006330      0x847 C:\develop\RCU_FW_Test2\stm32f4discovery_hal_lib\Debug\libstm32f4discovery_hal_lib.a(stm32f4xx_hal.o)
 .debug_info    0x00006b77      0xc83 C:\develop\RCU_FW_Test2\stm32f4discovery_hal_lib\Debug\libstm32f4discovery_hal_lib.a(stm32f4xx_hal_adc.o)
 .debug_info    0x000077fa      0xd08 C:\develop\RCU_FW_Test2\stm32f4discovery_hal_lib\Debug\libstm32f4discovery_hal_lib.a(stm32f4xx_hal_cortex.o)
 .debug_info    0x00008502      0x97e C:\develop\RCU_FW_Test2\stm32f4discovery_hal_lib\Debug\libstm32f4discovery_hal_lib.a(stm32f4xx_hal_dac.o)
 .debug_info    0x00008e80      0x708 C:\develop\RCU_FW_Test2\stm32f4discovery_hal_lib\Debug\libstm32f4discovery_hal_lib.a(stm32f4xx_hal_dac_ex.o)
 .debug_info    0x00009588      0x6ee C:\develop\RCU_FW_Test2\stm32f4discovery_hal_lib\Debug\libstm32f4discovery_hal_lib.a(stm32f4xx_hal_dma.o)
 .debug_info    0x00009c76      0x6fc C:\develop\RCU_FW_Test2\stm32f4discovery_hal_lib\Debug\libstm32f4discovery_hal_lib.a(stm32f4xx_hal_gpio.o)
 .debug_info    0x0000a372     0x1884 C:\develop\RCU_FW_Test2\stm32f4discovery_hal_lib\Debug\libstm32f4discovery_hal_lib.a(stm32f4xx_hal_i2c.o)
 .debug_info    0x0000bbf6      0xb15 C:\develop\RCU_FW_Test2\stm32f4discovery_hal_lib\Debug\libstm32f4discovery_hal_lib.a(stm32f4xx_hal_rcc.o)
 .debug_info    0x0000c70b      0x443 C:\develop\RCU_FW_Test2\stm32f4discovery_hal_lib\Debug\libstm32f4discovery_hal_lib.a(stm32f4xx_hal_rng.o)
 .debug_info    0x0000cb4e     0x217a C:\develop\RCU_FW_Test2\stm32f4discovery_hal_lib\Debug\libstm32f4discovery_hal_lib.a(stm32f4xx_hal_tim.o)
 .debug_info    0x0000ecc8      0xf40 C:\develop\RCU_FW_Test2\stm32f4discovery_hal_lib\Debug\libstm32f4discovery_hal_lib.a(stm32f4xx_hal_tim_ex.o)
 .debug_info    0x0000fc08      0xeeb C:\develop\RCU_FW_Test2\stm32f4discovery_hal_lib\Debug\libstm32f4discovery_hal_lib.a(stm32f4xx_hal_uart.o)

.debug_abbrev   0x00000000     0x2c59
 .debug_abbrev  0x00000000       0x12 startup/startup_stm32f407xx.o
 .debug_abbrev  0x00000012      0x16f src/RadarControl.o
 .debug_abbrev  0x00000181      0x169 src/adc.o
 .debug_abbrev  0x000002ea      0x15e src/dac.o
 .debug_abbrev  0x00000448       0xef src/dma.o
 .debug_abbrev  0x00000537      0x104 src/gpio.o
 .debug_abbrev  0x0000063b      0x181 src/i2c.o
 .debug_abbrev  0x000007bc      0x24e src/main.o
 .debug_abbrev  0x00000a0a      0x141 src/rng.o
 .debug_abbrev  0x00000b4b       0x80 src/stm32f4xx_hal_msp.o
 .debug_abbrev  0x00000bcb      0x114 src/stm32f4xx_it.o
 .debug_abbrev  0x00000cdf      0x174 src/syscalls.o
 .debug_abbrev  0x00000e53      0x104 src/system_stm32f4xx.o
 .debug_abbrev  0x00000f57      0x176 src/tim.o
 .debug_abbrev  0x000010cd      0x176 src/usart.o
 .debug_abbrev  0x00001243      0x1f1 C:\develop\RCU_FW_Test2\stm32f4discovery_hal_lib\Debug\libstm32f4discovery_hal_lib.a(stm32f4xx_hal.o)
 .debug_abbrev  0x00001434      0x225 C:\develop\RCU_FW_Test2\stm32f4discovery_hal_lib\Debug\libstm32f4discovery_hal_lib.a(stm32f4xx_hal_adc.o)
 .debug_abbrev  0x00001659      0x2c1 C:\develop\RCU_FW_Test2\stm32f4discovery_hal_lib\Debug\libstm32f4discovery_hal_lib.a(stm32f4xx_hal_cortex.o)
 .debug_abbrev  0x0000191a      0x1c7 C:\develop\RCU_FW_Test2\stm32f4discovery_hal_lib\Debug\libstm32f4discovery_hal_lib.a(stm32f4xx_hal_dac.o)
 .debug_abbrev  0x00001ae1      0x186 C:\develop\RCU_FW_Test2\stm32f4discovery_hal_lib\Debug\libstm32f4discovery_hal_lib.a(stm32f4xx_hal_dac_ex.o)
 .debug_abbrev  0x00001c67      0x207 C:\develop\RCU_FW_Test2\stm32f4discovery_hal_lib\Debug\libstm32f4discovery_hal_lib.a(stm32f4xx_hal_dma.o)
 .debug_abbrev  0x00001e6e      0x1ad C:\develop\RCU_FW_Test2\stm32f4discovery_hal_lib\Debug\libstm32f4discovery_hal_lib.a(stm32f4xx_hal_gpio.o)
 .debug_abbrev  0x0000201b      0x1ed C:\develop\RCU_FW_Test2\stm32f4discovery_hal_lib\Debug\libstm32f4discovery_hal_lib.a(stm32f4xx_hal_i2c.o)