23:07:24 **** Incremental Build of configuration Debug for project stm32f4discovery_hal_lib ****
make all 
make: Nothing to be done for `all'.
23:07:29 **** Incremental Build of configuration Debug for project RCU_FW ****
make all 
'Building file: ../src/RadarControl.c'
'Invoking: MCU GCC Compiler'
C:\develop\RCU_FW_Test2\RCU_FW\Debug
arm-none-eabi-gcc -mcpu=cortex-m4 -mthumb -mfloat-abi=hard -mfpu=fpv4-sp-d16 -DSTM32F407VGTx -DSTM32F4 -DSTM32F4DISCOVERY -DSTM32 -DDEBUG -DUSE_HAL_DRIVER -DSTM32F407xx -I"C:/develop/RCU_FW_Test2/stm32f4discovery_hal_lib" -I"C:/develop/RCU_FW_Test2/RCU_FW/inc" -I"C:/develop/RCU_FW_Test2/stm32f4discovery_hal_lib/CMSIS/core" -I"C:/develop/RCU_FW_Test2/stm32f4discovery_hal_lib/CMSIS/device" -I"C:/develop/RCU_FW_Test2/stm32f4discovery_hal_lib/HAL_Driver/Inc/Legacy" -I"C:/develop/RCU_FW_Test2/stm32f4discovery_hal_lib/HAL_Driver/Inc" -I"C:/develop/RCU_FW_Test2/stm32f4discovery_hal_lib/Utilities/Components/ampire480272" -I"C:/develop/RCU_FW_Test2/stm32f4discovery_hal_lib/Utilities/Components/ampire640480" -I"C:/develop/RCU_FW_Test2/stm32f4discovery_hal_lib/Utilities/Components/Common" -I"C:/develop/RCU_FW_Test2/stm32f4discovery_hal_lib/Utilities/Components/cs43l22" -I"C:/develop/RCU_FW_Test2/stm32f4discovery_hal_lib/Utilities/Components/exc7200" -I"C:/develop/RCU_FW_Test2/stm32f4discovery_hal_lib/Utilities/Components/ft6x06" -I"C:/develop/RCU_FW_Test2/stm32f4discovery_hal_lib/Utilities/Components/ili9325" -I"C:/develop/RCU_FW_Test2/stm32f4discovery_hal_lib/Utilities/Components/ili9341" -I"C:/develop/RCU_FW_Test2/stm32f4discovery_hal_lib/Utilities/Components/l3gd20" -I"C:/develop/RCU_FW_Test2/stm32f4discovery_hal_lib/Utilities/Components/lis302dl" -I"C:/develop/RCU_FW_Test2/stm32f4discovery_hal_lib/Utilities/Components/lis3dsh" -I"C:/develop/RCU_FW_Test2/stm32f4discovery_hal_lib/Utilities/Components/lsm303dlhc" -I"C:/develop/RCU_FW_Test2/stm32f4discovery_hal_lib/Utilities/Components/mfxstm32l152" -I"C:/develop/RCU_FW_Test2/stm32f4discovery_hal_lib/Utilities/Components/n25q128a" -I"C:/develop/RCU_FW_Test2/stm32f4discovery_hal_lib/Utilities/Components/n25q256a" -I"C:/develop/RCU_FW_Test2/stm32f4discovery_hal_lib/Utilities/Components/n25q512a" -I"C:/develop/RCU_FW_Test2/stm32f4discovery_hal_lib/Utilities/Components/otm8009a" -I"C:/develop/RCU_FW_Test2/stm32f4discovery_hal_lib/Utilities/Components/ov2640" -I"C:/develop/RCU_FW_Test2/stm32f4discovery_hal_lib/Utilities/Components/s25fl512s" -I"C:/develop/RCU_FW_Test2/stm32f4discovery_hal_lib/Utilities/Components/s5k5cag" -I"C:/develop/RCU_FW_Test2/stm32f4discovery_hal_lib/Utilities/Components/st7735" -I"C:/develop/RCU_FW_Test2/stm32f4discovery_hal_lib/Utilities/Components/stmpe1600" -I"C:/develop/RCU_FW_Test2/stm32f4discovery_hal_lib/Utilities/Components/stmpe811" -I"C:/develop/RCU_FW_Test2/stm32f4discovery_hal_lib/Utilities/Components/ts3510" -I"C:/develop/RCU_FW_Test2/stm32f4discovery_hal_lib/Utilities/Components/wm8994" -I"C:/develop/RCU_FW_Test2/stm32f4discovery_hal_lib/Utilities" -I"C:/develop/RCU_FW_Test2/stm32f4discovery_hal_lib/Utilities/STM32F4-Discovery" -I"C:/develop/RCU_FW_Test2/stm32f4discovery_hal_lib/HAL_Driver/Src" -O0 -g3 -Wall -fmessage-length=0 -ffunction-sections -c -MMD -MP -MF"src/RadarControl.d" -MT"src/RadarControl.o" -o "src/RadarControl.o" "../src/RadarControl.c"
'Finished building: ../src/RadarControl.c'
' '
'Building target: RCU_FW.elf'
'Invoking: MCU GCC Linker'
arm-none-eabi-gcc -mcpu=cortex-m4 -mthumb -mfloat-abi=hard -mfpu=fpv4-sp-d16 -L"C:\develop\RCU_FW_Test2\stm32f4discovery_hal_lib\Debug" -T"C:\develop\RCU_FW_Test2\RCU_FW\LinkerScript.ld" -Wl,-Map=output.map -Wl,--gc-sections -lm -o "RCU_FW.elf" @"objects.list"  -lstm32f4discovery_hal_lib
'Finished building target: RCU_FW.elf'
' '
make --no-print-directory post-build
'Generating binary and Printing size information:'
arm-none-eabi-objcopy -O binary "RCU_FW.elf" "RCU_FW.bin"
arm-none-eabi-size "RCU_FW.elf"
   text	   data	    bss	    dec	    hex	filename
  38912	   2240	  10052	  51204	   c804	RCU_FW.elf
' '
23:17:19 **** Incremental Build of configuration Debug for project stm32f4discovery_hal_lib ****
make all 
make: Nothing to be done for `all'.
23:17:21 **** Incremental Build of configuration Debug for project RCU_FW ****
make all 
make: Nothing to be done for `all'.
23:34:37 **** Incremental Build of configuration Debug for project stm32f4discovery_hal_lib ****
make all 
make: Nothing to be done for `all'.
23:34:39 **** Incremental Build of configuration Debug for project RCU_FW ****
make all 
make: Nothing to be done for `all'.
23:35:23 **** Incremental Build of configuration Debug for project stm32f4discovery_hal_lib ****
make all 
make: Nothing to be done for `all'.
23:35:26 **** Incremental Build of configuration Debug for project RCU_FW ****
make all 
make: Nothing to be done for `all'.
00:02:46 **** Incremental Build of configuration Debug for project stm32f4discovery_hal_lib ****
make all 
make: Nothing to be done for `all'.
00:02:50 **** Incremental Build of configuration Debug for project RCU_FW ****
make all 
make: Nothing to be done for `all'.
